***************************
****  ConstantBuffers  ****
***************************
 cbuffer cbUnstageCompositionLink [size: 4]
@C    o0S2C0_ShaderCompositionWithLink_var11 => linkVar11
 cbuffer cbStageCompositionLink [size: 4]
@C    o0S2C0_ShaderCompositionWithLink_var12 => linkVar12

***********************
*****  Resources  *****
***********************
@C    cbUnstageCompositionLink => cbUnstageCompositionLink [Stage=Vertex]
@C    cbStageCompositionLink => cbStageCompositionLink [Stage=Vertex]

ConstantBuffers. Count=2
 cbuffer: Name="cbUnstageCompositionLink" Size=4 MembersCount=1
  KeyName="linkVar11" RawName="o0S2C0_ShaderCompositionWithLink_var11" LogicalGroup="" Offset=0
  Class=Scalar Type=Float Size=4 Alignment=4 ArrayStride=0 MatrixStride=0 ArrayElements=0 Rows=1 Columns=1

 cbuffer: Name="cbStageCompositionLink" Size=4 MembersCount=1
  KeyName="linkVar12" RawName="o0S2C0_ShaderCompositionWithLink_var12" LogicalGroup="" Offset=0
  Class=Scalar Type=Float Size=4 Alignment=4 ArrayStride=0 MatrixStride=0 ArrayElements=0 Rows=1 Columns=1


ResourceBindings. Count=2
 Stage=Vertex KeyName="cbUnstageCompositionLink" RawName="cbUnstageCompositionLink" ResourceGroupName="cbUnstageCompositionLink" Class=ConstantBuffer Type=ConstantBuffer GroupName="cbUnstageCompositionLink" LogicalGroup=""
 Stage=Vertex KeyName="cbStageCompositionLink" RawName="cbStageCompositionLink" ResourceGroupName="cbStageCompositionLink" Class=ConstantBuffer Type=ConstantBuffer GroupName="cbStageCompositionLink" LogicalGroup=""

InputAttributes. Count=0

SamplerStates. Count=0
