***************************
****  ConstantBuffers  ****
***************************
 cbuffer Globals [size: 28]
@C    Effect_Center => Effect.Center
@C    Effect_Frequency => Effect.Frequency
@C    Effect_Phase => Effect.Phase
@C    Effect_Spread => Effect.Spread
@C    Effect_Amplitude => Effect.Amplitude
@C    Effect_InvAspectRatio => Effect.InvAspectRatio
 cbuffer PerDraw [size: 64]
@C    SpriteBase_MatrixTransform => SpriteBase.MatrixTransform
***********************
*****  Resources  *****
***********************
@C    PerDraw => PerDraw [Stage=Vertex, GroupName="PerDraw", Type=ConstantBuffer, Class=ConstantBuffer]
@C    Globals => Globals [Stage=Pixel, GroupName="Globals", Type=ConstantBuffer, Class=ConstantBuffer]
@C    Texturing_Texture0 => Texturing.Texture0 [Stage=Pixel, GroupName="", Type=Texture2D, Class=ShaderResourceView]
@C    Texturing_Sampler => Texturing.Sampler [Stage=Pixel, GroupName="", Type=Sampler, Class=Sampler]

ConstantBuffers. Count=2
 cbuffer: Name="Globals" Size=28 MembersCount=6
  KeyName="Effect.Center" RawName="Effect_Center" LogicalGroup="" Offset=0
  Class=Vector Type=Float Size=8 Alignment=8 ArrayStride=0 MatrixStride=0 ArrayElements=0 Rows=1 Columns=2

  KeyName="Effect.Frequency" RawName="Effect_Frequency" LogicalGroup="" Offset=8
  Class=Scalar Type=Float Size=4 Alignment=4 ArrayStride=0 MatrixStride=0 ArrayElements=0 Rows=1 Columns=1

  KeyName="Effect.Phase" RawName="Effect_Phase" LogicalGroup="" Offset=12
  Class=Scalar Type=Float Size=4 Alignment=4 ArrayStride=0 MatrixStride=0 ArrayElements=0 Rows=1 Columns=1

  KeyName="Effect.Spread" RawName="Effect_Spread" LogicalGroup="" Offset=16
  Class=Scalar Type=Float Size=4 Alignment=4 ArrayStride=0 MatrixStride=0 ArrayElements=0 Rows=1 Columns=1

  KeyName="Effect.Amplitude" RawName="Effect_Amplitude" LogicalGroup="" Offset=20
  Class=Scalar Type=Float Size=4 Alignment=4 ArrayStride=0 MatrixStride=0 ArrayElements=0 Rows=1 Columns=1

  KeyName="Effect.InvAspectRatio" RawName="Effect_InvAspectRatio" LogicalGroup="" Offset=24
  Class=Scalar Type=Float Size=4 Alignment=4 ArrayStride=0 MatrixStride=0 ArrayElements=0 Rows=1 Columns=1

 cbuffer: Name="PerDraw" Size=64 MembersCount=1
  KeyName="SpriteBase.MatrixTransform" RawName="SpriteBase_MatrixTransform" LogicalGroup="" Offset=0
  Class=MatrixRows Type=Float Size=64 Alignment=16 ArrayStride=0 MatrixStride=16 ArrayElements=0 Rows=4 Columns=4

ResourceBindings. Count=4
 Stage=Vertex KeyName="PerDraw" RawName="PerDraw" ResourceGroupName="PerDraw" Class=ConstantBuffer Type=ConstantBuffer
 Stage=Pixel KeyName="Globals" RawName="Globals" ResourceGroupName="Globals" Class=ConstantBuffer Type=ConstantBuffer
 Stage=Pixel KeyName="Texturing.Texture0" RawName="Texturing_Texture0" ResourceGroupName="" Class=ShaderResourceView Type=Texture2D
 Stage=Pixel KeyName="Texturing.Sampler" RawName="Texturing_Sampler" ResourceGroupName="" Class=Sampler Type=Sampler

InputAttributes. Count=2
 SemanticName="TEXCOORD" SemanticIndex=0
 SemanticName="POSITION" SemanticIndex=0

SamplerStates. Count=1
 KeyName="Texturing.Sampler" Filter=Linear Compare=Never AddressU=Clamp AddressV=Clamp AddressW=Clamp MaxAnisotropy=16 MinMipLevel=-3.40282e+38 MaxMipLevel=3.40282e+38 MipMapLevelOfDetailBias=0 BorderColor=(0, 0, 0, 0)
