***************************
****  ConstantBuffers  ****
***************************
 cbuffer Globals [size: 20]
@C    ShaderMain_Color => ShaderMain.Color
@C    ShaderMain_IsOnlyChannelRed => ShaderMain.IsOnlyChannelRed
***********************
*****  Resources  *****
***********************
@C    Globals => Globals [Stage: Vertex]

ConstantBuffers. Count=1
 cbuffer: Name="Globals" Size=20 MembersCount=2
  KeyName="ShaderMain.Color" RawName="ShaderMain_Color" LogicalGroup="" Offset=0
  Class=Color Type=Float Size=16 Alignment=16 ArrayStride=0 MatrixStride=0 ArrayElements=0 Rows=1 Columns=4

  KeyName="ShaderMain.IsOnlyChannelRed" RawName="ShaderMain_IsOnlyChannelRed" LogicalGroup="" Offset=16
  Class=Scalar Type=Float Size=4 Alignment=4 ArrayStride=0 MatrixStride=0 ArrayElements=0 Rows=1 Columns=1

ResourceBindings. Count=1
 Stage=Vertex KeyName="Globals" RawName="Globals" ResourceGroupName="Globals" Class=ConstantBuffer Type=ConstantBuffer

InputAttributes. Count=0

SamplerStates. Count=0
