***************************
****  ConstantBuffers  ****
***************************
 cbuffer PerDraw [size: 64]
@C    SpriteBase_MatrixTransform => SpriteBase.MatrixTransform
***********************
*****  Resources  *****
***********************
@C    PerDraw => PerDraw [Stage=Vertex, GroupName="PerDraw", Type=ConstantBuffer, Class=ConstantBuffer]
@C    Texturing_Texture0 => Texturing.Texture0 [Stage=Pixel, GroupName="", Type=Texture2D, Class=ShaderResourceView]
@C    Texturing_PointSampler => Texturing.PointSampler [Stage=Pixel, GroupName="", Type=Sampler, Class=Sampler]

ConstantBuffers. Count=1
 cbuffer: Name="PerDraw" Size=64 MembersCount=1
  KeyName="SpriteBase.MatrixTransform" RawName="SpriteBase_MatrixTransform" LogicalGroup="" Offset=0
  Class=MatrixRows Type=Float Size=64 Alignment=16 ArrayStride=0 MatrixStride=16 ArrayElements=0 Rows=4 Columns=4

ResourceBindings. Count=3
 Stage=Vertex KeyName="PerDraw" RawName="PerDraw" ResourceGroupName="PerDraw" Class=ConstantBuffer Type=ConstantBuffer
 Stage=Pixel KeyName="Texturing.Texture0" RawName="Texturing_Texture0" ResourceGroupName="" Class=ShaderResourceView Type=Texture2D
 Stage=Pixel KeyName="Texturing.PointSampler" RawName="Texturing_PointSampler" ResourceGroupName="" Class=Sampler Type=Sampler

InputAttributes. Count=2
 SemanticName="TEXCOORD" SemanticIndex=0
 SemanticName="POSITION" SemanticIndex=0

SamplerStates. Count=1
 KeyName="Texturing.PointSampler" Filter=Point Compare=Never AddressU=Clamp AddressV=Clamp AddressW=Clamp MaxAnisotropy=16 MinMipLevel=-3.40282e+38 MaxMipLevel=3.40282e+38 MipMapLevelOfDetailBias=0 BorderColor=(0, 0, 0, 0)
