***************************
****  ConstantBuffers  ****
***************************
 cbuffer PerView [size: 640]
@C    ShaderMain_View => ShaderMain.View
@C    ShaderMain_ViewInverse => ShaderMain.ViewInverse
@C    ShaderMain_Projection => ShaderMain.Projection
@C    ShaderMain_ProjectionInverse => ShaderMain.ProjectionInverse
@C    ShaderMain_ViewProjection => ShaderMain.ViewProjection
@C    ShaderMain_ProjScreenRay => ShaderMain.ProjScreenRay
@C    ShaderMain_Eye => ShaderMain.Eye
@C    o0S5C0_LightDirectionalGroup__padding_PerView_Default => _padding_PerView_Default
@C    o0S5C0_LightDirectionalGroup_Lights => LightDirectionalGroup.Lights
@C    o1S5C1_LightDirectionalGroup__padding_PerView_Lighting => _padding_PerView_Lighting

***********************
*****  Resources  *****
***********************
@C    PerView => PerView [Stage=Vertex]

ConstantBuffers. Count=1
 cbuffer: Name="PerView" Size=640 MembersCount=10
  KeyName="ShaderMain.View" RawName="ShaderMain_View" LogicalGroup="" Offset=0
  Class=MatrixRows Type=Float Size=64 Alignment=16 ArrayStride=0 MatrixStride=16 ArrayElements=0 Rows=4 Columns=4

  KeyName="ShaderMain.ViewInverse" RawName="ShaderMain_ViewInverse" LogicalGroup="" Offset=64
  Class=MatrixRows Type=Float Size=64 Alignment=16 ArrayStride=0 MatrixStride=16 ArrayElements=0 Rows=4 Columns=4

  KeyName="ShaderMain.Projection" RawName="ShaderMain_Projection" LogicalGroup="" Offset=128
  Class=MatrixRows Type=Float Size=64 Alignment=16 ArrayStride=0 MatrixStride=16 ArrayElements=0 Rows=4 Columns=4

  KeyName="ShaderMain.ProjectionInverse" RawName="ShaderMain_ProjectionInverse" LogicalGroup="" Offset=192
  Class=MatrixRows Type=Float Size=64 Alignment=16 ArrayStride=0 MatrixStride=16 ArrayElements=0 Rows=4 Columns=4

  KeyName="ShaderMain.ViewProjection" RawName="ShaderMain_ViewProjection" LogicalGroup="" Offset=256
  Class=MatrixRows Type=Float Size=64 Alignment=16 ArrayStride=0 MatrixStride=16 ArrayElements=0 Rows=4 Columns=4

  KeyName="ShaderMain.ProjScreenRay" RawName="ShaderMain_ProjScreenRay" LogicalGroup="" Offset=320
  Class=Vector Type=Float Size=8 Alignment=8 ArrayStride=0 MatrixStride=0 ArrayElements=0 Rows=1 Columns=2

  KeyName="ShaderMain.Eye" RawName="ShaderMain_Eye" LogicalGroup="" Offset=336
  Class=Vector Type=Float Size=16 Alignment=16 ArrayStride=0 MatrixStride=0 ArrayElements=0 Rows=1 Columns=4

  KeyName="_padding_PerView_Default" RawName="o0S5C0_LightDirectionalGroup__padding_PerView_Default" LogicalGroup="Default" Offset=352
  Class=Vector Type=Float Size=16 Alignment=16 ArrayStride=0 MatrixStride=0 ArrayElements=0 Rows=1 Columns=4

  KeyName="LightDirectionalGroup.Lights" RawName="o0S5C0_LightDirectionalGroup_Lights" LogicalGroup="Lighting" Offset=368
  Class=Struct Type=Void Size=256 Alignment=16 ArrayStride=32 MatrixStride=0 ArrayElements=8 Rows=1 Columns=1
   CountMembers=2
   Name="DirectionWS" Offset=0
   Class=Vector Type=Float Size=16 Alignment=16 ArrayStride=0 MatrixStride=0 ArrayElements=0 Rows=1 Columns=4
   Name="Color" Offset=16
   Class=Vector Type=Float Size=16 Alignment=16 ArrayStride=0 MatrixStride=0 ArrayElements=0 Rows=1 Columns=4

  KeyName="_padding_PerView_Lighting" RawName="o1S5C1_LightDirectionalGroup__padding_PerView_Lighting" LogicalGroup="Lighting" Offset=624
  Class=Vector Type=Float Size=16 Alignment=16 ArrayStride=0 MatrixStride=0 ArrayElements=0 Rows=1 Columns=4


ResourceBindings. Count=1
 Stage=Vertex KeyName="PerView" RawName="PerView" ResourceGroupName="PerView" Class=ConstantBuffer Type=ConstantBuffer GroupName="PerView" LogicalGroup=""

InputAttributes. Count=0

SamplerStates. Count=0
