***************************
****  ConstantBuffers  ****
***************************
 cbuffer cbComposition [size: 4]
@C    o0S2C0_ShaderComposition_var09 => ShaderComposition.var09.composition
***********************
*****  Resources  *****
***********************
@C    cbComposition => cbComposition [Stage: Vertex]

ConstantBuffers. Count=1
 cbuffer: Name="cbComposition" Size=4 MembersCount=1
  KeyName="ShaderComposition.var09.composition" RawName="o0S2C0_ShaderComposition_var09" LogicalGroup="" Offset=0
  Class=Scalar Type=Float Size=4 Alignment=4 ArrayStride=0 MatrixStride=0 ArrayElements=0 Rows=1 Columns=1

ResourceBindings. Count=1
 Stage=Vertex KeyName="cbComposition" RawName="cbComposition" ResourceGroupName="cbComposition" Class=ConstantBuffer Type=ConstantBuffer

InputAttributes. Count=0
