***************************
****  ConstantBuffers  ****
***************************
 cbuffer PerView [size: 176]
@C    o1S2C0_o0S2C0_SphericalHarmonicsEnvironmentColor_padding_PerView_Default => padding_PerView_Default.lightDiffuseColor.environmentLights[0]
@C    o1S2C0_o0S2C0_SphericalHarmonicsEnvironmentColor_SphericalColors => SphericalHarmonicsEnvironmentColor.SphericalColors.lightDiffuseColor.environmentLights[0]
@C    o1S2C0_o0S2C0_SphericalHarmonicsEnvironmentColor_padding_PerView_Lighting => padding_PerView_Lighting.lightDiffuseColor.environmentLights[0]

***********************
*****  Resources  *****
***********************
@C    PerView => PerView [Stage=Vertex]

ConstantBuffers. Count=1
 cbuffer: Name="PerView" Size=176 MembersCount=3
  KeyName="padding_PerView_Default.lightDiffuseColor.environmentLights[0]" RawName="o1S2C0_o0S2C0_SphericalHarmonicsEnvironmentColor_padding_PerView_Default" LogicalGroup="Default" Offset=0
  Class=Vector Type=Float Size=16 Alignment=16 ArrayStride=0 MatrixStride=0 ArrayElements=0 Rows=1 Columns=4

  KeyName="SphericalHarmonicsEnvironmentColor.SphericalColors.lightDiffuseColor.environmentLights[0]" RawName="o1S2C0_o0S2C0_SphericalHarmonicsEnvironmentColor_SphericalColors" LogicalGroup="Lighting" Offset=16
  Class=Color Type=Float Size=144 Alignment=16 ArrayStride=16 MatrixStride=0 ArrayElements=9 Rows=1 Columns=3

  KeyName="padding_PerView_Lighting.lightDiffuseColor.environmentLights[0]" RawName="o1S2C0_o0S2C0_SphericalHarmonicsEnvironmentColor_padding_PerView_Lighting" LogicalGroup="Lighting" Offset=160
  Class=Vector Type=Float Size=16 Alignment=16 ArrayStride=0 MatrixStride=0 ArrayElements=0 Rows=1 Columns=4


ResourceBindings. Count=1
 Stage=Vertex KeyName="PerView" RawName="PerView" ResourceGroupName="PerView" Class=ConstantBuffer Type=ConstantBuffer GroupName="PerView" LogicalGroup=""

InputAttributes. Count=0

SamplerStates. Count=0
