***************************
****  ConstantBuffers  ****
***************************

***********************
*****  Resources  *****
***********************

ConstantBuffers. Count=0

ResourceBindings. Count=0

InputAttributes. Count=1
 SemanticName="UPDATED_SEMANTIC" SemanticIndex=0

SamplerStates. Count=0
