***************************
****  ConstantBuffers  ****
***************************
 cbuffer UpdatedGroupName [size: 48]
@C    ShaderMain_ShadowMapTextureSize => ShadowMap.TextureSize
@C    ShaderMain_ShadowMapTextureTexelSize => ShadowMap.TextureTexelSize
@C    ShaderBase_ShadowMapTextureSizeBase => ShadowMap.TextureSizeBase
***********************
*****  Resources  *****
***********************
@C    UpdatedGroupName => UpdatedGroupName [Stage: Vertex]
@C    ShaderMain_ShadowMapTexture => ShadowMap.Texture [Stage: Vertex]
@C    ShaderMain_Sampler0 => ShadowMap.Sampler [Stage: Vertex]

ConstantBuffers. Count=1
 cbuffer: Name="UpdatedGroupName" Size=48 MembersCount=3
  KeyName="ShadowMap.TextureSize" RawName="ShaderMain_ShadowMapTextureSize" LogicalGroup="" Offset=0
  Class=Vector Type=Float Size=16 Alignment=16 ArrayStride=0 MatrixStride=0 ArrayElements=0 Rows=1 Columns=4

  KeyName="ShadowMap.TextureTexelSize" RawName="ShaderMain_ShadowMapTextureTexelSize" LogicalGroup="" Offset=16
  Class=Vector Type=Float Size=16 Alignment=16 ArrayStride=0 MatrixStride=0 ArrayElements=0 Rows=1 Columns=4

  KeyName="ShadowMap.TextureSizeBase" RawName="ShaderBase_ShadowMapTextureSizeBase" LogicalGroup="" Offset=32
  Class=Vector Type=Float Size=16 Alignment=16 ArrayStride=0 MatrixStride=0 ArrayElements=0 Rows=1 Columns=4

ResourceBindings. Count=3
 Stage=Vertex KeyName="UpdatedGroupName" RawName="UpdatedGroupName" ResourceGroupName="UpdatedGroupName" Class=ConstantBuffer Type=ConstantBuffer
 Stage=Vertex KeyName="ShadowMap.Texture" RawName="ShaderMain_ShadowMapTexture" ResourceGroupName="UpdatedGroupName" Class=ShaderResourceView Type=Texture2D
 Stage=Vertex KeyName="ShadowMap.Sampler" RawName="ShaderMain_Sampler0" ResourceGroupName="UpdatedGroupName" Class=Sampler Type=Sampler

InputAttributes. Count=1
 SemanticName="S_INPUT" SemanticIndex=0

SamplerStates. Count=0
