***************************
****  ConstantBuffers  ****
***************************
 cbuffer UpdatedGroupName [size: 32]
@C    ShaderMain_ShadowMapTextureSize => ShadowMap.TextureSize
@C    ShaderMain_ShadowMapTextureTexelSize => ShadowMap.TextureTexelSize
***********************
*****  Resources  *****
***********************
@C    UpdatedGroupName => UpdatedGroupName [Stage=Vertex, GroupName="UpdatedGroupName", Type=ConstantBuffer, Class=ConstantBuffer]
@C    ShaderMain_ShadowMapTexture => ShadowMap.Texture [Stage=Vertex, GroupName="UpdatedGroupName", Type=Texture2D, Class=ShaderResourceView]
@C    ShaderMain_Sampler0 => ShadowMap.Sampler [Stage=Vertex, GroupName="UpdatedGroupName", Type=Sampler, Class=Sampler]

ConstantBuffers. Count=1
 cbuffer: Name="UpdatedGroupName" Size=32 MembersCount=2
  KeyName="ShadowMap.TextureSize" RawName="ShaderMain_ShadowMapTextureSize" LogicalGroup="" Offset=0
  Class=Vector Type=Float Size=16 Alignment=16 ArrayStride=0 MatrixStride=0 ArrayElements=0 Rows=1 Columns=4

  KeyName="ShadowMap.TextureTexelSize" RawName="ShaderMain_ShadowMapTextureTexelSize" LogicalGroup="" Offset=16
  Class=Vector Type=Float Size=16 Alignment=16 ArrayStride=0 MatrixStride=0 ArrayElements=0 Rows=1 Columns=4

ResourceBindings. Count=3
 Stage=Vertex KeyName="UpdatedGroupName" RawName="UpdatedGroupName" ResourceGroupName="UpdatedGroupName" Class=ConstantBuffer Type=ConstantBuffer
 Stage=Vertex KeyName="ShadowMap.Texture" RawName="ShaderMain_ShadowMapTexture" ResourceGroupName="UpdatedGroupName" Class=ShaderResourceView Type=Texture2D
 Stage=Vertex KeyName="ShadowMap.Sampler" RawName="ShaderMain_Sampler0" ResourceGroupName="UpdatedGroupName" Class=Sampler Type=Sampler

InputAttributes. Count=1
 SemanticName="S_INPUT" SemanticIndex=0

SamplerStates. Count=1
 KeyName="ShadowMap.Sampler" Filter=Linear Compare=Never AddressU=Clamp AddressV=Clamp AddressW=Clamp MaxAnisotropy=16 MinMipLevel=-3.40282e+38 MaxMipLevel=3.40282e+38 MipMapLevelOfDetailBias=0 BorderColor=(0, 0, 0, 0)
