***************************
****  ConstantBuffers  ****
***************************
 cbuffer PerMaterial [size: 56]
@C    ShaderMain_scale => Material.TextureScale
@C    ShaderMain_offset => Material.TextureOffset
@C    ShaderMain_aCol => TColor
@C    ShaderMain_uv2 => ShaderMain.uv2
***********************
*****  Resources  *****
***********************
@C    PerMaterial => PerMaterial [Stage: Vertex]
@C    ShaderMain_Texture0 => Material.DiffuseMap [Stage: Vertex]
@C    ShaderMain_Sampler0 => ShaderMain.Sampler0 [Stage: Vertex]

ConstantBuffers. Count=1
 cbuffer: Name="PerMaterial" Size=56 MembersCount=4
  KeyName="Material.TextureScale RawName="ShaderMain_scale" Offset=0
  Class=Vector Type=Float Size=16 Alignment=16 ArrayStride=0 MatrixStride=0 ArrayElements=0 Rows=1 Columns=4

  KeyName="Material.TextureOffset RawName="ShaderMain_offset" Offset=16
  Class=Vector Type=Float Size=16 Alignment=16 ArrayStride=0 MatrixStride=0 ArrayElements=0 Rows=1 Columns=4

  KeyName="TColor RawName="ShaderMain_aCol" Offset=32
  Class=Color Type=Float Size=16 Alignment=16 ArrayStride=0 MatrixStride=0 ArrayElements=0 Rows=1 Columns=4

  KeyName="ShaderMain.uv2 RawName="ShaderMain_uv2" Offset=48
  Class=Vector Type=Float Size=8 Alignment=8 ArrayStride=0 MatrixStride=0 ArrayElements=0 Rows=1 Columns=2

ResourceBindings. Count=3
 Stage=Vertex KeyName="PerMaterial" RawName="PerMaterial" Class=ConstantBuffer Type=ConstantBuffer
 Stage=Vertex KeyName="Material.DiffuseMap" RawName="ShaderMain_Texture0" Class=ShaderResourceView Type=Texture2D
 Stage=Vertex KeyName="ShaderMain.Sampler0" RawName="ShaderMain_Sampler0" Class=Sampler Type=Sampler

InputAttributes. Count=1
 SemanticName="S_INPUT" SemanticIndex=0
