***************************
****  ConstantBuffers  ****
***************************
 cbuffer Globals [size: 8]
@C    o0S5C0_ShaderComp_varC => ShaderComp.varC.colorA
@C    o1S5C1_ShaderComp_varC => ShaderComp.varC.colorB

***********************
*****  Resources  *****
***********************
@C    Globals => Globals [Stage=Pixel]

ConstantBuffers. Count=1
 cbuffer: Name="Globals" Size=8 MembersCount=2
  KeyName="ShaderComp.varC.colorA" RawName="o0S5C0_ShaderComp_varC" LogicalGroup="" Offset=0
  Class=Scalar Type=Float Size=4 Alignment=4 ArrayStride=0 MatrixStride=0 ArrayElements=0 Rows=1 Columns=1

  KeyName="ShaderComp.varC.colorB" RawName="o1S5C1_ShaderComp_varC" LogicalGroup="" Offset=4
  Class=Scalar Type=Float Size=4 Alignment=4 ArrayStride=0 MatrixStride=0 ArrayElements=0 Rows=1 Columns=1


ResourceBindings. Count=1
 Stage=Pixel KeyName="Globals" RawName="Globals" ResourceGroupName="Globals" Class=ConstantBuffer Type=ConstantBuffer GroupName="Globals" LogicalGroup=""

InputAttributes. Count=0

SamplerStates. Count=0
