***************************
****  ConstantBuffers  ****
***************************
 cbuffer Globals [size: 12]
@C    o1S2C0_Comp_var1 => Comp.var1.color
@C    o1S2C0_o0S8C0_SubComp_var1 => SubComp.var1.sb.color
@C    o2S2C1_SubComp_var1 => SubComp.var1.sb

***********************
*****  Resources  *****
***********************
@C    Globals => Globals [Stage=Pixel]

ConstantBuffers. Count=1
 cbuffer: Name="Globals" Size=12 MembersCount=3
  KeyName="Comp.var1.color" RawName="o1S2C0_Comp_var1" LogicalGroup="" Offset=0
  Class=Scalar Type=Int Size=4 Alignment=4 ArrayStride=0 MatrixStride=0 ArrayElements=0 Rows=1 Columns=1

  KeyName="SubComp.var1.sb.color" RawName="o1S2C0_o0S8C0_SubComp_var1" LogicalGroup="" Offset=4
  Class=Scalar Type=Int Size=4 Alignment=4 ArrayStride=0 MatrixStride=0 ArrayElements=0 Rows=1 Columns=1

  KeyName="SubComp.var1.sb" RawName="o2S2C1_SubComp_var1" LogicalGroup="" Offset=8
  Class=Scalar Type=Int Size=4 Alignment=4 ArrayStride=0 MatrixStride=0 ArrayElements=0 Rows=1 Columns=1


ResourceBindings. Count=1
 Stage=Pixel KeyName="Globals" RawName="Globals" ResourceGroupName="Globals" Class=ConstantBuffer Type=ConstantBuffer GroupName="Globals" LogicalGroup=""

InputAttributes. Count=2
 SemanticName="S" SemanticIndex=2
 SemanticName="S" SemanticIndex=1

SamplerStates. Count=0
