***************************
****  ConstantBuffers  ****
***************************
***********************
*****  Resources  *****
***********************

ConstantBuffers. Count=0
ResourceBindings. Count=0

InputAttributes. Count=1
 SemanticName="CUSTOM_SEMANTIC" SemanticIndex=0
