***************************
****  ConstantBuffers  ****
***************************
 cbuffer PerMaterial [size: 16]
@C    ComputeColorTextureScaledOffsetDynamicSampler_scale => ComputeColorTextureScaledOffsetDynamicSampler.scale
@C    ComputeColorTextureScaledOffsetDynamicSampler_offset => ComputeColorTextureScaledOffsetDynamicSampler.offset
***********************
*****  Resources  *****
***********************
@C    PerMaterial => PerMaterial [Stage: Pixel]

ConstantBuffers. Count=1
 cbuffer: Name="PerMaterial" Size=16 MembersCount=2
  KeyName="ComputeColorTextureScaledOffsetDynamicSampler.scale" RawName="ComputeColorTextureScaledOffsetDynamicSampler_scale" LogicalGroup="" Offset=0
  Class=Vector Type=Float Size=8 Alignment=8 ArrayStride=0 MatrixStride=0 ArrayElements=0 Rows=1 Columns=2

  KeyName="ComputeColorTextureScaledOffsetDynamicSampler.offset" RawName="ComputeColorTextureScaledOffsetDynamicSampler_offset" LogicalGroup="" Offset=8
  Class=Vector Type=Float Size=8 Alignment=8 ArrayStride=0 MatrixStride=0 ArrayElements=0 Rows=1 Columns=2

ResourceBindings. Count=1
 Stage=Pixel KeyName="PerMaterial" RawName="PerMaterial" ResourceGroupName="PerMaterial" Class=ConstantBuffer Type=ConstantBuffer

InputAttributes. Count=0

SamplerStates. Count=0
