***************************
****  ConstantBuffers  ****
***************************
***********************
*****  Resources  *****
***********************
@C    ShaderMain_Texture0 => ShaderMain.Texture0 [Stage=Pixel, GroupName="", Type=Texture2D, Class=ShaderResourceView]
@C    ShaderMain_SamplerDefault => ShaderMain.SamplerDefault [Stage=Pixel, GroupName="", Type=Sampler, Class=Sampler]

ConstantBuffers. Count=0
ResourceBindings. Count=2
 Stage=Pixel KeyName="ShaderMain.Texture0" RawName="ShaderMain_Texture0" ResourceGroupName="" Class=ShaderResourceView Type=Texture2D
 Stage=Pixel KeyName="ShaderMain.SamplerDefault" RawName="ShaderMain_SamplerDefault" ResourceGroupName="" Class=Sampler Type=Sampler

InputAttributes. Count=1
 SemanticName="TEXCOORD" SemanticIndex=0

SamplerStates. Count=1
 KeyName="ShaderMain.SamplerDefault" Filter=Linear Compare=Never AddressU=Clamp AddressV=Clamp AddressW=Clamp MaxAnisotropy=16 MinMipLevel=-3.40282e+38 MaxMipLevel=3.40282e+38 MipMapLevelOfDetailBias=0 BorderColor=(0, 0, 0, 0)
