***************************
****  ConstantBuffers  ****
***************************
 cbuffer PerMaterial [size: 56]
@C    ShaderMain_scale => Material.TextureScale
@C    ShaderMain_offset => Material.TextureOffset
@C    ShaderMain_aCol => TColor
@C    ShaderMain_uv2 => ShaderMain.uv2

***********************
*****  Resources  *****
***********************
@C    PerMaterial => PerMaterial [Stage=Vertex]
@C    ShaderBase_Texture0 => Material.DiffuseMap [Stage=Vertex]
@C    ShaderBase_Sampler0 => Material.DiffuseSampler [Stage=Vertex]

ConstantBuffers. Count=1
 cbuffer: Name="PerMaterial" Size=56 MembersCount=4
  KeyName="Material.TextureScale" RawName="ShaderMain_scale" LogicalGroup="" Offset=0
  Class=Vector Type=Float Size=16 Alignment=16 ArrayStride=0 MatrixStride=0 ArrayElements=0 Rows=1 Columns=4

  KeyName="Material.TextureOffset" RawName="ShaderMain_offset" LogicalGroup="" Offset=16
  Class=Vector Type=Float Size=16 Alignment=16 ArrayStride=0 MatrixStride=0 ArrayElements=0 Rows=1 Columns=4

  KeyName="TColor" RawName="ShaderMain_aCol" LogicalGroup="" Offset=32
  Class=Color Type=Float Size=16 Alignment=16 ArrayStride=0 MatrixStride=0 ArrayElements=0 Rows=1 Columns=4

  KeyName="ShaderMain.uv2" RawName="ShaderMain_uv2" LogicalGroup="" Offset=48
  Class=Vector Type=Float Size=8 Alignment=8 ArrayStride=0 MatrixStride=0 ArrayElements=0 Rows=1 Columns=2


ResourceBindings. Count=3
 Stage=Vertex KeyName="PerMaterial" RawName="PerMaterial" ResourceGroupName="PerMaterial" Class=ConstantBuffer Type=ConstantBuffer GroupName="PerMaterial" LogicalGroup=""
 Stage=Vertex KeyName="Material.DiffuseMap" RawName="ShaderBase_Texture0" ResourceGroupName="LocalResourceGroup" Class=ShaderResourceView Type=Texture2D GroupName="LocalResourceGroup" LogicalGroup=""
 Stage=Vertex KeyName="Material.DiffuseSampler" RawName="ShaderBase_Sampler0" ResourceGroupName="LocalResourceGroup" Class=Sampler Type=Sampler GroupName="LocalResourceGroup" LogicalGroup=""

InputAttributes. Count=1
 SemanticName="S_INPUT" SemanticIndex=0

SamplerStates. Count=0
