***************************
****  ConstantBuffers  ****
***************************
 cbuffer PreView [size: 12]
@C    o0S12C0_TestDirectLightGroup_aVar1 => TestDirectLightGroup.aVar1.directLightGroups[0]
@C    o1S12C0_TestDirectLightGroup_aVar1 => TestDirectLightGroup.aVar1.directLightGroups[1]
@C    o2S2C0_TestMaterialSurfaceArray_aVar2 => TestMaterialSurfaceArray.aVar2.materialPixelStage
***********************
*****  Resources  *****
***********************
@C    PreView => PreView [Stage: Vertex]

ConstantBuffers. Count=1
 cbuffer: Name="PreView" Size=12 MembersCount=3
  KeyName="TestDirectLightGroup.aVar1.directLightGroups[0]" RawName="o0S12C0_TestDirectLightGroup_aVar1" LogicalGroup="" Offset=0
  Class=Scalar Type=Int Size=4 Alignment=4 ArrayStride=0 MatrixStride=0 ArrayElements=0 Rows=1 Columns=1

  KeyName="TestDirectLightGroup.aVar1.directLightGroups[1]" RawName="o1S12C0_TestDirectLightGroup_aVar1" LogicalGroup="" Offset=4
  Class=Scalar Type=Int Size=4 Alignment=4 ArrayStride=0 MatrixStride=0 ArrayElements=0 Rows=1 Columns=1

  KeyName="TestMaterialSurfaceArray.aVar2.materialPixelStage" RawName="o2S2C0_TestMaterialSurfaceArray_aVar2" LogicalGroup="" Offset=8
  Class=Scalar Type=Int Size=4 Alignment=4 ArrayStride=0 MatrixStride=0 ArrayElements=0 Rows=1 Columns=1

ResourceBindings. Count=1
 Stage=Vertex KeyName="PreView" RawName="PreView" ResourceGroupName="PreView" Class=ConstantBuffer Type=ConstantBuffer

InputAttributes. Count=0

SamplerStates. Count=0
