***************************
****  ConstantBuffers  ****
***************************
 cbuffer aCBuffer [size: 256]
@C    ShaderMain_toto => ShaderMain.toto
***********************
*****  Resources  *****
***********************
@C    aCBuffer => aCBuffer [Stage: Vertex]

ConstantBuffers. Count=1
 cbuffer: Name="aCBuffer" Size=256 MembersCount=1
  KeyName="ShaderMain.toto" RawName="ShaderMain_toto" LogicalGroup="" Offset=0
  Class=Struct Type=Void Size=256 Alignment=16 ArrayStride=32 MatrixStride=0 ArrayElements=8 Rows=1 Columns=1
   CountMembers=2
   Name="DirectionWS" Offset=0
   Class=Vector Type=Float Size=12 Alignment=16 ArrayStride=0 MatrixStride=0 ArrayElements=0 Rows=1 Columns=3
   Name="Color" Offset=16
   Class=Vector Type=Float Size=12 Alignment=16 ArrayStride=0 MatrixStride=0 ArrayElements=0 Rows=1 Columns=3

ResourceBindings. Count=1
 Stage=Vertex KeyName="aCBuffer" RawName="aCBuffer" ResourceGroupName="aCBuffer" Class=ConstantBuffer Type=ConstantBuffer

InputAttributes. Count=0

SamplerStates. Count=0
