***************************
****  ConstantBuffers  ****
***************************
 cbuffer PerDraw [size: 416]
@C    Transformation_World => Transformation.World
@C    Transformation_WorldInverse => Transformation.WorldInverse
@C    Transformation_WorldInverseTranspose => Transformation.WorldInverseTranspose
@C    Transformation_WorldView => Transformation.WorldView
@C    Transformation_WorldViewInverse => Transformation.WorldViewInverse
@C    Transformation_WorldViewProjection => Transformation.WorldViewProjection
@C    Transformation_WorldScale => Transformation.WorldScale
@C    Transformation_EyeMS => Transformation.EyeMS
 cbuffer PerView [size: 1520]
@C    Transformation_View => Transformation.View
@C    Transformation_ViewInverse => Transformation.ViewInverse
@C    Transformation_Projection => Transformation.Projection
@C    Transformation_ProjectionInverse => Transformation.ProjectionInverse
@C    Transformation_ViewProjection => Transformation.ViewProjection
@C    Transformation_ProjScreenRay => Transformation.ProjScreenRay
@C    Transformation_Eye => Transformation.Eye
@C    o1S437C0_Camera_NearClipPlane => Camera.NearClipPlane
@C    o1S437C0_Camera_FarClipPlane => Camera.FarClipPlane
@C    o1S437C0_Camera_ZProjection => Camera.ZProjection
@C    o1S437C0_Camera_ViewSize => Camera.ViewSize
@C    o1S437C0_Camera_AspectRatio => Camera.AspectRatio
@C    o0S437C0_ShadowMapReceiverDirectional__padding_PerView_Default => _padding_PerView_Default
@C    o0S437C0_ShadowMapReceiverDirectional_CascadeDepthSplits => ShadowMapReceiverDirectional.CascadeDepthSplits.directLightGroups[0]
@C    o0S437C0_ShadowMapReceiverBase_WorldToShadowCascadeUV => ShadowMapReceiverBase.WorldToShadowCascadeUV.directLightGroups[0]
@C    o0S437C0_ShadowMapReceiverBase_InverseWorldToShadowCascadeUV => ShadowMapReceiverBase.InverseWorldToShadowCascadeUV.directLightGroups[0]
@C    o0S437C0_ShadowMapReceiverBase_ViewMatrices => ShadowMapReceiverBase.ViewMatrices.directLightGroups[0]
@C    o0S437C0_ShadowMapReceiverBase_DepthRanges => ShadowMapReceiverBase.DepthRanges.directLightGroups[0]
@C    o0S437C0_ShadowMapReceiverBase_DepthBiases => ShadowMapReceiverBase.DepthBiases.directLightGroups[0]
@C    o0S437C0_ShadowMapReceiverBase_OffsetScales => ShadowMapReceiverBase.OffsetScales.directLightGroups[0]
@C    o0S437C0_ShadowMapCommon_ShadowMapTextureSize => ShadowMap.TextureSize
@C    o0S437C0_ShadowMapCommon_ShadowMapTextureTexelSize => ShadowMap.TextureTexelSize
@C    o0S437C0_LightDirectionalGroup_Lights => LightDirectionalGroup.Lights.directLightGroups[0]
@C    o0S437C0_DirectLightGroupPerView_LightCount => DirectLightGroupPerView.LightCount.directLightGroups[0]
@C    o1S437C0_LightClustered_ClusterDepthScale => LightClustered.ClusterDepthScale
@C    o1S437C0_LightClustered_ClusterDepthBias => LightClustered.ClusterDepthBias
@C    o1S437C0_LightClustered_ClusterStride => LightClustered.ClusterStride
@C    o3S421C0_LightSimpleAmbient_AmbientLight => LightSimpleAmbient.AmbientLight.environmentLights[0]
@C    o6S421C0_LightSkyboxShader_SkyMatrix => LightSkyboxShader.SkyMatrix.environmentLights[1]
@C    o6S421C0_LightSkyboxShader_Intensity => LightSkyboxShader.Intensity.environmentLights[1]
@C    o6S421C0_LightSkyboxShader__padding_PerView_Lighting => _padding_PerView_Lighting
 cbuffer PerMaterial [size: 48]
@C    o23S251C0_o15S2C0_o14S2C0_ComputeColorConstantFloatLink_constantFloat => Material.MetalnessValue
@C    o23S251C0_o13S2C0_o12S2C0_ComputeColorConstantFloatLink_constantFloat => Material.GlossinessValue
@C    o23S251C0_o11S2C0_o10S2C0_o9S2C1_ComputeColorConstantColorLink_constantColor => Material.DiffuseValue
@C    o23S251C0_o11S2C0_o10S2C0_o8S2C0_ComputeColorTextureScaledOffsetDynamicSampler_scale => Material.TextureScale
@C    o23S251C0_o11S2C0_o10S2C0_o8S2C0_ComputeColorTextureScaledOffsetDynamicSampler_offset => Material.TextureOffset

***********************
*****  Resources  *****
***********************
@C    PerDraw => PerDraw [Stage=Vertex]
@C    PerView => PerView [Stage=Vertex]
@C    PerView => PerView [Stage=Pixel]
@C    PerMaterial => PerMaterial [Stage=Pixel]
@C    ShadowMapCommon_ShadowMapTexture => ShadowMap.Texture [Stage=Pixel]
@C    LightClusteredPointGroup_PointLights => LightClusteredPointGroup.PointLights.directLightGroups[1] [Stage=Pixel]
@C    LightClustered_LightClusters => LightClustered.LightClusters.directLightGroups[1] [Stage=Pixel]
@C    LightClustered_LightIndices => LightClustered.LightIndices.directLightGroups[1] [Stage=Pixel]
@C    LightClusteredSpotGroup_SpotLights => LightClusteredSpotGroup.SpotLights.directLightGroups[2] [Stage=Pixel]
@C    Texturing_LinearBorderSampler => Texturing.LinearBorderSampler.directLightGroups[0] [Stage=Pixel]
@C    Texturing_LinearClampCompareLessEqualSampler => Texturing.LinearClampCompareLessEqualSampler.directLightGroups[0] [Stage=Pixel]
@C    Texturing_LinearSampler => Texturing.LinearSampler.environmentFunction.surfaces[1].layers[3].materialPixelStage [Stage=Pixel]
@C    MaterialSpecularMicrofacetEnvironmentGGXLUT_EnvironmentLightingDFG_LUT => MaterialSpecularMicrofacetEnvironmentGGXLUT.EnvironmentLightingDFG_LUT.environmentFunction.surfaces[1].layers[3].materialPixelStage [Stage=Pixel]
@C    DynamicSampler_Sampler => Material.Sampler.i0 [Stage=Pixel]
@C    DynamicTexture_Texture => Material.DiffuseMap [Stage=Pixel]

ConstantBuffers. Count=3
 cbuffer: Name="PerDraw" Size=416 MembersCount=8
  KeyName="Transformation.World" RawName="Transformation_World" LogicalGroup="" Offset=0
  Class=MatrixRows Type=Float Size=64 Alignment=16 ArrayStride=0 MatrixStride=16 ArrayElements=0 Rows=4 Columns=4

  KeyName="Transformation.WorldInverse" RawName="Transformation_WorldInverse" LogicalGroup="" Offset=64
  Class=MatrixRows Type=Float Size=64 Alignment=16 ArrayStride=0 MatrixStride=16 ArrayElements=0 Rows=4 Columns=4

  KeyName="Transformation.WorldInverseTranspose" RawName="Transformation_WorldInverseTranspose" LogicalGroup="" Offset=128
  Class=MatrixRows Type=Float Size=64 Alignment=16 ArrayStride=0 MatrixStride=16 ArrayElements=0 Rows=4 Columns=4

  KeyName="Transformation.WorldView" RawName="Transformation_WorldView" LogicalGroup="" Offset=192
  Class=MatrixRows Type=Float Size=64 Alignment=16 ArrayStride=0 MatrixStride=16 ArrayElements=0 Rows=4 Columns=4

  KeyName="Transformation.WorldViewInverse" RawName="Transformation_WorldViewInverse" LogicalGroup="" Offset=256
  Class=MatrixRows Type=Float Size=64 Alignment=16 ArrayStride=0 MatrixStride=16 ArrayElements=0 Rows=4 Columns=4

  KeyName="Transformation.WorldViewProjection" RawName="Transformation_WorldViewProjection" LogicalGroup="" Offset=320
  Class=MatrixRows Type=Float Size=64 Alignment=16 ArrayStride=0 MatrixStride=16 ArrayElements=0 Rows=4 Columns=4

  KeyName="Transformation.WorldScale" RawName="Transformation_WorldScale" LogicalGroup="" Offset=384
  Class=Vector Type=Float Size=12 Alignment=16 ArrayStride=0 MatrixStride=0 ArrayElements=0 Rows=1 Columns=3

  KeyName="Transformation.EyeMS" RawName="Transformation_EyeMS" LogicalGroup="" Offset=400
  Class=Vector Type=Float Size=16 Alignment=16 ArrayStride=0 MatrixStride=0 ArrayElements=0 Rows=1 Columns=4

 cbuffer: Name="PerView" Size=1520 MembersCount=31
  KeyName="Transformation.View" RawName="Transformation_View" LogicalGroup="" Offset=0
  Class=MatrixRows Type=Float Size=64 Alignment=16 ArrayStride=0 MatrixStride=16 ArrayElements=0 Rows=4 Columns=4

  KeyName="Transformation.ViewInverse" RawName="Transformation_ViewInverse" LogicalGroup="" Offset=64
  Class=MatrixRows Type=Float Size=64 Alignment=16 ArrayStride=0 MatrixStride=16 ArrayElements=0 Rows=4 Columns=4

  KeyName="Transformation.Projection" RawName="Transformation_Projection" LogicalGroup="" Offset=128
  Class=MatrixRows Type=Float Size=64 Alignment=16 ArrayStride=0 MatrixStride=16 ArrayElements=0 Rows=4 Columns=4

  KeyName="Transformation.ProjectionInverse" RawName="Transformation_ProjectionInverse" LogicalGroup="" Offset=192
  Class=MatrixRows Type=Float Size=64 Alignment=16 ArrayStride=0 MatrixStride=16 ArrayElements=0 Rows=4 Columns=4

  KeyName="Transformation.ViewProjection" RawName="Transformation_ViewProjection" LogicalGroup="" Offset=256
  Class=MatrixRows Type=Float Size=64 Alignment=16 ArrayStride=0 MatrixStride=16 ArrayElements=0 Rows=4 Columns=4

  KeyName="Transformation.ProjScreenRay" RawName="Transformation_ProjScreenRay" LogicalGroup="" Offset=320
  Class=Vector Type=Float Size=8 Alignment=8 ArrayStride=0 MatrixStride=0 ArrayElements=0 Rows=1 Columns=2

  KeyName="Transformation.Eye" RawName="Transformation_Eye" LogicalGroup="" Offset=336
  Class=Vector Type=Float Size=16 Alignment=16 ArrayStride=0 MatrixStride=0 ArrayElements=0 Rows=1 Columns=4

  KeyName="Camera.NearClipPlane" RawName="o1S437C0_Camera_NearClipPlane" LogicalGroup="" Offset=352
  Class=Scalar Type=Float Size=4 Alignment=4 ArrayStride=0 MatrixStride=0 ArrayElements=0 Rows=1 Columns=1

  KeyName="Camera.FarClipPlane" RawName="o1S437C0_Camera_FarClipPlane" LogicalGroup="" Offset=356
  Class=Scalar Type=Float Size=4 Alignment=4 ArrayStride=0 MatrixStride=0 ArrayElements=0 Rows=1 Columns=1

  KeyName="Camera.ZProjection" RawName="o1S437C0_Camera_ZProjection" LogicalGroup="" Offset=360
  Class=Vector Type=Float Size=8 Alignment=8 ArrayStride=0 MatrixStride=0 ArrayElements=0 Rows=1 Columns=2

  KeyName="Camera.ViewSize" RawName="o1S437C0_Camera_ViewSize" LogicalGroup="" Offset=368
  Class=Vector Type=Float Size=8 Alignment=8 ArrayStride=0 MatrixStride=0 ArrayElements=0 Rows=1 Columns=2

  KeyName="Camera.AspectRatio" RawName="o1S437C0_Camera_AspectRatio" LogicalGroup="" Offset=376
  Class=Scalar Type=Float Size=4 Alignment=4 ArrayStride=0 MatrixStride=0 ArrayElements=0 Rows=1 Columns=1

  KeyName="_padding_PerView_Default" RawName="o0S437C0_ShadowMapReceiverDirectional__padding_PerView_Default" LogicalGroup="Default" Offset=384
  Class=Vector Type=Float Size=16 Alignment=16 ArrayStride=0 MatrixStride=0 ArrayElements=0 Rows=1 Columns=4

  KeyName="ShadowMapReceiverDirectional.CascadeDepthSplits.directLightGroups[0]" RawName="o0S437C0_ShadowMapReceiverDirectional_CascadeDepthSplits" LogicalGroup="Lighting" Offset=400
  Class=Scalar Type=Float Size=64 Alignment=16 ArrayStride=16 MatrixStride=0 ArrayElements=4 Rows=1 Columns=1

  KeyName="ShadowMapReceiverBase.WorldToShadowCascadeUV.directLightGroups[0]" RawName="o0S437C0_ShadowMapReceiverBase_WorldToShadowCascadeUV" LogicalGroup="Lighting" Offset=464
  Class=MatrixRows Type=Float Size=256 Alignment=16 ArrayStride=64 MatrixStride=16 ArrayElements=4 Rows=4 Columns=4

  KeyName="ShadowMapReceiverBase.InverseWorldToShadowCascadeUV.directLightGroups[0]" RawName="o0S437C0_ShadowMapReceiverBase_InverseWorldToShadowCascadeUV" LogicalGroup="Lighting" Offset=720
  Class=MatrixRows Type=Float Size=256 Alignment=16 ArrayStride=64 MatrixStride=16 ArrayElements=4 Rows=4 Columns=4

  KeyName="ShadowMapReceiverBase.ViewMatrices.directLightGroups[0]" RawName="o0S437C0_ShadowMapReceiverBase_ViewMatrices" LogicalGroup="Lighting" Offset=976
  Class=MatrixRows Type=Float Size=256 Alignment=16 ArrayStride=64 MatrixStride=16 ArrayElements=4 Rows=4 Columns=4

  KeyName="ShadowMapReceiverBase.DepthRanges.directLightGroups[0]" RawName="o0S437C0_ShadowMapReceiverBase_DepthRanges" LogicalGroup="Lighting" Offset=1232
  Class=Vector Type=Float Size=64 Alignment=16 ArrayStride=16 MatrixStride=0 ArrayElements=4 Rows=1 Columns=2

  KeyName="ShadowMapReceiverBase.DepthBiases.directLightGroups[0]" RawName="o0S437C0_ShadowMapReceiverBase_DepthBiases" LogicalGroup="Lighting" Offset=1296
  Class=Scalar Type=Float Size=16 Alignment=16 ArrayStride=16 MatrixStride=0 ArrayElements=1 Rows=1 Columns=1

  KeyName="ShadowMapReceiverBase.OffsetScales.directLightGroups[0]" RawName="o0S437C0_ShadowMapReceiverBase_OffsetScales" LogicalGroup="Lighting" Offset=1312
  Class=Scalar Type=Float Size=16 Alignment=16 ArrayStride=16 MatrixStride=0 ArrayElements=1 Rows=1 Columns=1

  KeyName="ShadowMap.TextureSize" RawName="o0S437C0_ShadowMapCommon_ShadowMapTextureSize" LogicalGroup="Lighting" Offset=1328
  Class=Vector Type=Float Size=8 Alignment=8 ArrayStride=0 MatrixStride=0 ArrayElements=0 Rows=1 Columns=2

  KeyName="ShadowMap.TextureTexelSize" RawName="o0S437C0_ShadowMapCommon_ShadowMapTextureTexelSize" LogicalGroup="Lighting" Offset=1336
  Class=Vector Type=Float Size=8 Alignment=8 ArrayStride=0 MatrixStride=0 ArrayElements=0 Rows=1 Columns=2

  KeyName="LightDirectionalGroup.Lights.directLightGroups[0]" RawName="o0S437C0_LightDirectionalGroup_Lights" LogicalGroup="Lighting" Offset=1344
  Class=Struct Type=Void Size=32 Alignment=16 ArrayStride=32 MatrixStride=0 ArrayElements=1 Rows=1 Columns=1
   CountMembers=2
   Name="DirectionWS" Offset=0
   Class=Vector Type=Float Size=12 Alignment=16 ArrayStride=0 MatrixStride=0 ArrayElements=0 Rows=1 Columns=3
   Name="Color" Offset=16
   Class=Vector Type=Float Size=12 Alignment=16 ArrayStride=0 MatrixStride=0 ArrayElements=0 Rows=1 Columns=3

  KeyName="DirectLightGroupPerView.LightCount.directLightGroups[0]" RawName="o0S437C0_DirectLightGroupPerView_LightCount" LogicalGroup="Lighting" Offset=1376
  Class=Scalar Type=Int Size=4 Alignment=4 ArrayStride=0 MatrixStride=0 ArrayElements=0 Rows=1 Columns=1

  KeyName="LightClustered.ClusterDepthScale" RawName="o1S437C0_LightClustered_ClusterDepthScale" LogicalGroup="Lighting" Offset=1380
  Class=Scalar Type=Float Size=4 Alignment=4 ArrayStride=0 MatrixStride=0 ArrayElements=0 Rows=1 Columns=1

  KeyName="LightClustered.ClusterDepthBias" RawName="o1S437C0_LightClustered_ClusterDepthBias" LogicalGroup="Lighting" Offset=1384
  Class=Scalar Type=Float Size=4 Alignment=4 ArrayStride=0 MatrixStride=0 ArrayElements=0 Rows=1 Columns=1

  KeyName="LightClustered.ClusterStride" RawName="o1S437C0_LightClustered_ClusterStride" LogicalGroup="Lighting" Offset=1392
  Class=Vector Type=Float Size=8 Alignment=8 ArrayStride=0 MatrixStride=0 ArrayElements=0 Rows=1 Columns=2

  KeyName="LightSimpleAmbient.AmbientLight.environmentLights[0]" RawName="o3S421C0_LightSimpleAmbient_AmbientLight" LogicalGroup="Lighting" Offset=1408
  Class=Color Type=Float Size=12 Alignment=16 ArrayStride=0 MatrixStride=0 ArrayElements=0 Rows=1 Columns=3

  KeyName="LightSkyboxShader.SkyMatrix.environmentLights[1]" RawName="o6S421C0_LightSkyboxShader_SkyMatrix" LogicalGroup="Lighting" Offset=1424
  Class=MatrixRows Type=Float Size=64 Alignment=16 ArrayStride=0 MatrixStride=16 ArrayElements=0 Rows=4 Columns=4

  KeyName="LightSkyboxShader.Intensity.environmentLights[1]" RawName="o6S421C0_LightSkyboxShader_Intensity" LogicalGroup="Lighting" Offset=1488
  Class=Scalar Type=Float Size=4 Alignment=4 ArrayStride=0 MatrixStride=0 ArrayElements=0 Rows=1 Columns=1

  KeyName="_padding_PerView_Lighting" RawName="o6S421C0_LightSkyboxShader__padding_PerView_Lighting" LogicalGroup="Lighting" Offset=1504
  Class=Vector Type=Float Size=16 Alignment=16 ArrayStride=0 MatrixStride=0 ArrayElements=0 Rows=1 Columns=4

 cbuffer: Name="PerMaterial" Size=48 MembersCount=5
  KeyName="Material.MetalnessValue" RawName="o23S251C0_o15S2C0_o14S2C0_ComputeColorConstantFloatLink_constantFloat" LogicalGroup="" Offset=0
  Class=Scalar Type=Float Size=4 Alignment=4 ArrayStride=0 MatrixStride=0 ArrayElements=0 Rows=1 Columns=1

  KeyName="Material.GlossinessValue" RawName="o23S251C0_o13S2C0_o12S2C0_ComputeColorConstantFloatLink_constantFloat" LogicalGroup="" Offset=4
  Class=Scalar Type=Float Size=4 Alignment=4 ArrayStride=0 MatrixStride=0 ArrayElements=0 Rows=1 Columns=1

  KeyName="Material.DiffuseValue" RawName="o23S251C0_o11S2C0_o10S2C0_o9S2C1_ComputeColorConstantColorLink_constantColor" LogicalGroup="" Offset=16
  Class=Color Type=Float Size=16 Alignment=16 ArrayStride=0 MatrixStride=0 ArrayElements=0 Rows=1 Columns=4

  KeyName="Material.TextureScale" RawName="o23S251C0_o11S2C0_o10S2C0_o8S2C0_ComputeColorTextureScaledOffsetDynamicSampler_scale" LogicalGroup="" Offset=32
  Class=Vector Type=Float Size=8 Alignment=8 ArrayStride=0 MatrixStride=0 ArrayElements=0 Rows=1 Columns=2

  KeyName="Material.TextureOffset" RawName="o23S251C0_o11S2C0_o10S2C0_o8S2C0_ComputeColorTextureScaledOffsetDynamicSampler_offset" LogicalGroup="" Offset=40
  Class=Vector Type=Float Size=8 Alignment=8 ArrayStride=0 MatrixStride=0 ArrayElements=0 Rows=1 Columns=2


ResourceBindings. Count=15
 Stage=Vertex KeyName="PerDraw" RawName="PerDraw" ResourceGroupName="PerDraw" Class=ConstantBuffer Type=ConstantBuffer GroupName="PerDraw" LogicalGroup=""
 Stage=Vertex KeyName="PerView" RawName="PerView" ResourceGroupName="PerView" Class=ConstantBuffer Type=ConstantBuffer GroupName="PerView" LogicalGroup=""
 Stage=Pixel KeyName="PerView" RawName="PerView" ResourceGroupName="PerView" Class=ConstantBuffer Type=ConstantBuffer GroupName="PerView" LogicalGroup=""
 Stage=Pixel KeyName="PerMaterial" RawName="PerMaterial" ResourceGroupName="PerMaterial" Class=ConstantBuffer Type=ConstantBuffer GroupName="PerMaterial" LogicalGroup=""
 Stage=Pixel KeyName="ShadowMap.Texture" RawName="ShadowMapCommon_ShadowMapTexture" ResourceGroupName="PerView" Class=ShaderResourceView Type=Texture2D GroupName="PerView" LogicalGroup="Lighting"
 Stage=Pixel KeyName="LightClusteredPointGroup.PointLights.directLightGroups[1]" RawName="LightClusteredPointGroup_PointLights" ResourceGroupName="PerView" Class=ShaderResourceView Type=TextureBuffer GroupName="PerView" LogicalGroup="Lighting"
 Stage=Pixel KeyName="LightClustered.LightClusters.directLightGroups[1]" RawName="LightClustered_LightClusters" ResourceGroupName="PerView" Class=ShaderResourceView Type=Texture3D GroupName="PerView" LogicalGroup="Lighting"
 Stage=Pixel KeyName="LightClustered.LightIndices.directLightGroups[1]" RawName="LightClustered_LightIndices" ResourceGroupName="PerView" Class=ShaderResourceView Type=TextureBuffer GroupName="PerView" LogicalGroup="Lighting"
 Stage=Pixel KeyName="LightClusteredSpotGroup.SpotLights.directLightGroups[2]" RawName="LightClusteredSpotGroup_SpotLights" ResourceGroupName="PerView" Class=ShaderResourceView Type=TextureBuffer GroupName="PerView" LogicalGroup="Lighting"
 Stage=Pixel KeyName="Texturing.LinearBorderSampler.directLightGroups[0]" RawName="Texturing_LinearBorderSampler" ResourceGroupName="" Class=Sampler Type=Sampler GroupName="" LogicalGroup=""
 Stage=Pixel KeyName="Texturing.LinearClampCompareLessEqualSampler.directLightGroups[0]" RawName="Texturing_LinearClampCompareLessEqualSampler" ResourceGroupName="" Class=Sampler Type=Sampler GroupName="" LogicalGroup=""
 Stage=Pixel KeyName="Texturing.LinearSampler.environmentFunction.surfaces[1].layers[3].materialPixelStage" RawName="Texturing_LinearSampler" ResourceGroupName="" Class=Sampler Type=Sampler GroupName="" LogicalGroup=""
 Stage=Pixel KeyName="MaterialSpecularMicrofacetEnvironmentGGXLUT.EnvironmentLightingDFG_LUT.environmentFunction.surfaces[1].layers[3].materialPixelStage" RawName="MaterialSpecularMicrofacetEnvironmentGGXLUT_EnvironmentLightingDFG_LUT" ResourceGroupName="PerMaterial" Class=ShaderResourceView Type=Texture2D GroupName="PerMaterial" LogicalGroup=""
 Stage=Pixel KeyName="Material.Sampler.i0" RawName="DynamicSampler_Sampler" ResourceGroupName="PerMaterial" Class=Sampler Type=Sampler GroupName="PerMaterial" LogicalGroup=""
 Stage=Pixel KeyName="Material.DiffuseMap" RawName="DynamicTexture_Texture" ResourceGroupName="PerMaterial" Class=ShaderResourceView Type=Texture2D GroupName="PerMaterial" LogicalGroup=""

InputAttributes. Count=3
 SemanticName="NORMAL" SemanticIndex=0
 SemanticName="POSITION" SemanticIndex=0
 SemanticName="TEXCOORD" SemanticIndex=0

SamplerStates. Count=3
 KeyName="Texturing.LinearBorderSampler.directLightGroups[0]" Filter=Linear Compare=Never AddressU=Border AddressV=Border AddressW=Clamp MaxAnisotropy=16 MinMipLevel=-3.40282e+38 MaxMipLevel=3.40282e+38 MipMapLevelOfDetailBias=0 BorderColor=(0, 0, 0, 0)
 KeyName="Texturing.LinearClampCompareLessEqualSampler.directLightGroups[0]" Filter=ComparisonMinMagLinearMipPoint Compare=LessEqual AddressU=Clamp AddressV=Clamp AddressW=Clamp MaxAnisotropy=16 MinMipLevel=-3.40282e+38 MaxMipLevel=3.40282e+38 MipMapLevelOfDetailBias=0 BorderColor=(0, 0, 0, 0)
 KeyName="Texturing.LinearSampler.environmentFunction.surfaces[1].layers[3].materialPixelStage" Filter=Linear Compare=Never AddressU=Clamp AddressV=Clamp AddressW=Clamp MaxAnisotropy=16 MinMipLevel=-3.40282e+38 MaxMipLevel=3.40282e+38 MipMapLevelOfDetailBias=0 BorderColor=(0, 0, 0, 0)
