***************************
****  ConstantBuffers  ****
***************************
 cbuffer PerDraw [size: 416]
@C    Transformation_World => Transformation.World
@C    Transformation_WorldInverse => Transformation.WorldInverse
@C    Transformation_WorldInverseTranspose => Transformation.WorldInverseTranspose
@C    Transformation_WorldView => Transformation.WorldView
@C    Transformation_WorldViewInverse => Transformation.WorldViewInverse
@C    Transformation_WorldViewProjection => Transformation.WorldViewProjection
@C    Transformation_WorldScale => Transformation.WorldScale
@C    Transformation_EyeMS => Transformation.EyeMS
 cbuffer PerView [size: 352]
@C    Transformation_View => Transformation.View
@C    Transformation_ViewInverse => Transformation.ViewInverse
@C    Transformation_Projection => Transformation.Projection
@C    Transformation_ProjectionInverse => Transformation.ProjectionInverse
@C    Transformation_ViewProjection => Transformation.ViewProjection
@C    Transformation_ProjScreenRay => Transformation.ProjScreenRay
@C    Transformation_Eye => Transformation.Eye
 cbuffer PerMaterial [size: 64]
@C    o12S245C0_o9S2C0_o8S2C0_ComputeColorConstantColorLink_constantColor => Material.AlphaBlendColorValue
@C    o12S245C0_o7S2C0_o6S2C0_ComputeColorConstantFloatLink_constantFloat => Material.DiffuseSpecularAlphaBlendValue
@C    o12S245C0_o5S2C0_o4S2C0_ComputeColorConstantFloatLink_constantFloat => Material.EmissiveIntensity
@C    o12S245C0_o3S2C0_o2S2C0_o1S2C1_ComputeColorTextureScaledOffsetDynamicSampler_scale => Material.TextureScale
@C    o12S245C0_o3S2C0_o2S2C0_o1S2C1_ComputeColorTextureScaledOffsetDynamicSampler_offset => Material.TextureOffset
@C    o12S245C0_o3S2C0_o2S2C0_o0S2C0_ComputeColorConstantColorLink_constantColor => GridGizmoBase.GridColorKey

***********************
*****  Resources  *****
***********************
@C    PerDraw => PerDraw [Stage=Vertex]
@C    PerView => PerView [Stage=Vertex]
@C    PerView => PerView [Stage=Pixel]
@C    PerMaterial => PerMaterial [Stage=Pixel]
@C    DynamicSampler_Sampler => Material.Sampler.i0 [Stage=Pixel]
@C    DynamicTexture_Texture => Texturing.Texture0 [Stage=Pixel]

ConstantBuffers. Count=3
 cbuffer: Name="PerDraw" Size=416 MembersCount=8
  KeyName="Transformation.World" RawName="Transformation_World" LogicalGroup="" Offset=0
  Class=MatrixRows Type=Float Size=64 Alignment=16 ArrayStride=0 MatrixStride=16 ArrayElements=0 Rows=4 Columns=4

  KeyName="Transformation.WorldInverse" RawName="Transformation_WorldInverse" LogicalGroup="" Offset=64
  Class=MatrixRows Type=Float Size=64 Alignment=16 ArrayStride=0 MatrixStride=16 ArrayElements=0 Rows=4 Columns=4

  KeyName="Transformation.WorldInverseTranspose" RawName="Transformation_WorldInverseTranspose" LogicalGroup="" Offset=128
  Class=MatrixRows Type=Float Size=64 Alignment=16 ArrayStride=0 MatrixStride=16 ArrayElements=0 Rows=4 Columns=4

  KeyName="Transformation.WorldView" RawName="Transformation_WorldView" LogicalGroup="" Offset=192
  Class=MatrixRows Type=Float Size=64 Alignment=16 ArrayStride=0 MatrixStride=16 ArrayElements=0 Rows=4 Columns=4

  KeyName="Transformation.WorldViewInverse" RawName="Transformation_WorldViewInverse" LogicalGroup="" Offset=256
  Class=MatrixRows Type=Float Size=64 Alignment=16 ArrayStride=0 MatrixStride=16 ArrayElements=0 Rows=4 Columns=4

  KeyName="Transformation.WorldViewProjection" RawName="Transformation_WorldViewProjection" LogicalGroup="" Offset=320
  Class=MatrixRows Type=Float Size=64 Alignment=16 ArrayStride=0 MatrixStride=16 ArrayElements=0 Rows=4 Columns=4

  KeyName="Transformation.WorldScale" RawName="Transformation_WorldScale" LogicalGroup="" Offset=384
  Class=Vector Type=Float Size=12 Alignment=16 ArrayStride=0 MatrixStride=0 ArrayElements=0 Rows=1 Columns=3

  KeyName="Transformation.EyeMS" RawName="Transformation_EyeMS" LogicalGroup="" Offset=400
  Class=Vector Type=Float Size=16 Alignment=16 ArrayStride=0 MatrixStride=0 ArrayElements=0 Rows=1 Columns=4

 cbuffer: Name="PerView" Size=352 MembersCount=7
  KeyName="Transformation.View" RawName="Transformation_View" LogicalGroup="" Offset=0
  Class=MatrixRows Type=Float Size=64 Alignment=16 ArrayStride=0 MatrixStride=16 ArrayElements=0 Rows=4 Columns=4

  KeyName="Transformation.ViewInverse" RawName="Transformation_ViewInverse" LogicalGroup="" Offset=64
  Class=MatrixRows Type=Float Size=64 Alignment=16 ArrayStride=0 MatrixStride=16 ArrayElements=0 Rows=4 Columns=4

  KeyName="Transformation.Projection" RawName="Transformation_Projection" LogicalGroup="" Offset=128
  Class=MatrixRows Type=Float Size=64 Alignment=16 ArrayStride=0 MatrixStride=16 ArrayElements=0 Rows=4 Columns=4

  KeyName="Transformation.ProjectionInverse" RawName="Transformation_ProjectionInverse" LogicalGroup="" Offset=192
  Class=MatrixRows Type=Float Size=64 Alignment=16 ArrayStride=0 MatrixStride=16 ArrayElements=0 Rows=4 Columns=4

  KeyName="Transformation.ViewProjection" RawName="Transformation_ViewProjection" LogicalGroup="" Offset=256
  Class=MatrixRows Type=Float Size=64 Alignment=16 ArrayStride=0 MatrixStride=16 ArrayElements=0 Rows=4 Columns=4

  KeyName="Transformation.ProjScreenRay" RawName="Transformation_ProjScreenRay" LogicalGroup="" Offset=320
  Class=Vector Type=Float Size=8 Alignment=8 ArrayStride=0 MatrixStride=0 ArrayElements=0 Rows=1 Columns=2

  KeyName="Transformation.Eye" RawName="Transformation_Eye" LogicalGroup="" Offset=336
  Class=Vector Type=Float Size=16 Alignment=16 ArrayStride=0 MatrixStride=0 ArrayElements=0 Rows=1 Columns=4

 cbuffer: Name="PerMaterial" Size=64 MembersCount=6
  KeyName="Material.AlphaBlendColorValue" RawName="o12S245C0_o9S2C0_o8S2C0_ComputeColorConstantColorLink_constantColor" LogicalGroup="" Offset=0
  Class=Color Type=Float Size=16 Alignment=16 ArrayStride=0 MatrixStride=0 ArrayElements=0 Rows=1 Columns=4

  KeyName="Material.DiffuseSpecularAlphaBlendValue" RawName="o12S245C0_o7S2C0_o6S2C0_ComputeColorConstantFloatLink_constantFloat" LogicalGroup="" Offset=16
  Class=Scalar Type=Float Size=4 Alignment=4 ArrayStride=0 MatrixStride=0 ArrayElements=0 Rows=1 Columns=1

  KeyName="Material.EmissiveIntensity" RawName="o12S245C0_o5S2C0_o4S2C0_ComputeColorConstantFloatLink_constantFloat" LogicalGroup="" Offset=20
  Class=Scalar Type=Float Size=4 Alignment=4 ArrayStride=0 MatrixStride=0 ArrayElements=0 Rows=1 Columns=1

  KeyName="Material.TextureScale" RawName="o12S245C0_o3S2C0_o2S2C0_o1S2C1_ComputeColorTextureScaledOffsetDynamicSampler_scale" LogicalGroup="" Offset=24
  Class=Vector Type=Float Size=8 Alignment=8 ArrayStride=0 MatrixStride=0 ArrayElements=0 Rows=1 Columns=2

  KeyName="Material.TextureOffset" RawName="o12S245C0_o3S2C0_o2S2C0_o1S2C1_ComputeColorTextureScaledOffsetDynamicSampler_offset" LogicalGroup="" Offset=32
  Class=Vector Type=Float Size=8 Alignment=8 ArrayStride=0 MatrixStride=0 ArrayElements=0 Rows=1 Columns=2

  KeyName="GridGizmoBase.GridColorKey" RawName="o12S245C0_o3S2C0_o2S2C0_o0S2C0_ComputeColorConstantColorLink_constantColor" LogicalGroup="" Offset=48
  Class=Color Type=Float Size=16 Alignment=16 ArrayStride=0 MatrixStride=0 ArrayElements=0 Rows=1 Columns=4


ResourceBindings. Count=6
 Stage=Vertex KeyName="PerDraw" RawName="PerDraw" ResourceGroupName="PerDraw" Class=ConstantBuffer Type=ConstantBuffer GroupName="PerDraw" LogicalGroup=""
 Stage=Vertex KeyName="PerView" RawName="PerView" ResourceGroupName="PerView" Class=ConstantBuffer Type=ConstantBuffer GroupName="PerView" LogicalGroup=""
 Stage=Pixel KeyName="PerView" RawName="PerView" ResourceGroupName="PerView" Class=ConstantBuffer Type=ConstantBuffer GroupName="PerView" LogicalGroup=""
 Stage=Pixel KeyName="PerMaterial" RawName="PerMaterial" ResourceGroupName="PerMaterial" Class=ConstantBuffer Type=ConstantBuffer GroupName="PerMaterial" LogicalGroup=""
 Stage=Pixel KeyName="Material.Sampler.i0" RawName="DynamicSampler_Sampler" ResourceGroupName="PerMaterial" Class=Sampler Type=Sampler GroupName="PerMaterial" LogicalGroup=""
 Stage=Pixel KeyName="Texturing.Texture0" RawName="DynamicTexture_Texture" ResourceGroupName="PerMaterial" Class=ShaderResourceView Type=Texture2D GroupName="PerMaterial" LogicalGroup=""

InputAttributes. Count=3
 SemanticName="NORMAL" SemanticIndex=0
 SemanticName="POSITION" SemanticIndex=0
 SemanticName="TEXCOORD" SemanticIndex=0

SamplerStates. Count=1
 KeyName="Material.Sampler.i0" Filter=Linear Compare=Never AddressU=Clamp AddressV=Clamp AddressW=Clamp MaxAnisotropy=16 MinMipLevel=-3.40282e+38 MaxMipLevel=3.40282e+38 MipMapLevelOfDetailBias=0 BorderColor=(0, 0, 0, 0)
