***************************
****  ConstantBuffers  ****
***************************
 cbuffer PerDraw [size: 416]
@C    Transformation_World => Transformation.World
@C    Transformation_WorldInverse => Transformation.WorldInverse
@C    Transformation_WorldInverseTranspose => Transformation.WorldInverseTranspose
@C    Transformation_WorldView => Transformation.WorldView
@C    Transformation_WorldViewInverse => Transformation.WorldViewInverse
@C    Transformation_WorldViewProjection => Transformation.WorldViewProjection
@C    Transformation_WorldScale => Transformation.WorldScale
@C    Transformation_EyeMS => Transformation.EyeMS
 cbuffer PerView [size: 784]
@C    Transformation_View => Transformation.View
@C    Transformation_ViewInverse => Transformation.ViewInverse
@C    Transformation_Projection => Transformation.Projection
@C    Transformation_ProjectionInverse => Transformation.ProjectionInverse
@C    Transformation_ViewProjection => Transformation.ViewProjection
@C    Transformation_ProjScreenRay => Transformation.ProjScreenRay
@C    Transformation_Eye => Transformation.Eye
@C    o1S433C0_Camera_NearClipPlane => Camera.NearClipPlane
@C    o1S433C0_Camera_FarClipPlane => Camera.FarClipPlane
@C    o1S433C0_Camera_ZProjection => Camera.ZProjection
@C    o1S433C0_Camera_ViewSize => Camera.ViewSize
@C    o1S433C0_Camera_AspectRatio => Camera.AspectRatio
@C    o0S433C0_ShadowMapReceiverDirectional__padding_PerView_Default => _padding_PerView_Default
@C    o0S433C0_ShadowMapReceiverDirectional_CascadeDepthSplits => ShadowMapReceiverDirectional.CascadeDepthSplits.directLightGroups[0]
@C    o0S433C0_LightDirectionalGroup_Lights => LightDirectionalGroup.Lights.directLightGroups[0]
@C    o0S433C0_DirectLightGroupPerView_LightCount => DirectLightGroupPerView.LightCount.directLightGroups[0]
@C    o1S433C0_LightClustered_ClusterDepthScale => LightClustered.ClusterDepthScale
@C    o1S433C0_LightClustered_ClusterDepthBias => LightClustered.ClusterDepthBias
@C    o1S433C0_LightClustered_ClusterStride => LightClustered.ClusterStride
@C    o3S417C0_LightSimpleAmbient_AmbientLight => LightSimpleAmbient.AmbientLight.environmentLights[0]
@C    o6S417C0_LightSkyboxShader_SkyMatrix => LightSkyboxShader.SkyMatrix.environmentLights[1]
@C    o6S417C0_LightSkyboxShader_Intensity => LightSkyboxShader.Intensity.environmentLights[1]
@C    o6S417C0_o5S5C1_RoughnessCubeMapEnvironmentColor_MipCount => RoughnessCubeMapEnvironmentColor.MipCount.lightSpecularColor.environmentLights[1]
@C    o6S417C0_o4S5C0_SphericalHarmonicsEnvironmentColor_SphericalColors => SphericalHarmonicsEnvironmentColor.SphericalColors.lightDiffuseColor.environmentLights[1]
@C    o6S417C0_o4S5C0_SphericalHarmonicsEnvironmentColor__padding_PerView_Lighting => _padding_PerView_Lighting
 cbuffer PerView.Lighting [size: 880]
@C    o0S433C0_ShadowMapReceiverBase_WorldToShadowCascadeUV => ShadowMapReceiverBase.WorldToShadowCascadeUV.directLightGroups[0]
@C    o0S433C0_ShadowMapReceiverBase_InverseWorldToShadowCascadeUV => ShadowMapReceiverBase.InverseWorldToShadowCascadeUV.directLightGroups[0]
@C    o0S433C0_ShadowMapReceiverBase_ViewMatrices => ShadowMapReceiverBase.ViewMatrices.directLightGroups[0]
@C    o0S433C0_ShadowMapReceiverBase_DepthRanges => ShadowMapReceiverBase.DepthRanges.directLightGroups[0]
@C    o0S433C0_ShadowMapReceiverBase_DepthBiases => ShadowMapReceiverBase.DepthBiases.directLightGroups[0]
@C    o0S433C0_ShadowMapReceiverBase_OffsetScales => ShadowMapReceiverBase.OffsetScales.directLightGroups[0]
@C    o0S433C0_ShadowMapCommon_ShadowMapTextureSize => ShadowMap.TextureSize
@C    o0S433C0_ShadowMapCommon_ShadowMapTextureTexelSize => ShadowMap.TextureTexelSize
 cbuffer PerMaterial [size: 160]
@C    o42S247C0_o33S2C0_o32S2C0_ComputeColorConstantFloatLink_constantFloat => Material.EmissiveIntensity
@C    o42S247C0_o31S2C0_o30S2C0_o29S2C1_ComputeColorConstantColorLink_constantColor => Material.EmissiveValue
@C    o42S247C0_o31S2C0_o30S2C0_o28S2C0_ComputeColorTextureScaledOffsetDynamicSampler_scale => Material.TextureScale.i2
@C    o42S247C0_o31S2C0_o30S2C0_o28S2C0_ComputeColorTextureScaledOffsetDynamicSampler_offset => Material.TextureOffset.i2
@C    o42S247C0_o27S2C0_o26S2C0_ComputeColorConstantFloatLink_constantFloat => Material.CavitySpecularValue
@C    o42S247C0_o25S2C0_o24S2C0_ComputeColorConstantFloatLink_constantFloat => Material.CavityDiffuseValue
@C    o42S247C0_o23S2C0_o22S2C0_ComputeColorConstantFloatLink_constantFloat => Material.CavityValue
@C    o42S247C0_o21S2C0_o20S2C0_ComputeColorConstantFloatLink_constantFloat => Material.AmbientOcclusionDirectLightingFactorValue
@C    o42S247C0_o19S2C0_o18S2C0_ComputeColorTextureScaledOffsetDynamicSampler_scale => Material.TextureScale.i1
@C    o42S247C0_o19S2C0_o18S2C0_ComputeColorTextureScaledOffsetDynamicSampler_offset => Material.TextureOffset.i1
@C    o42S247C0_o17S2C0_o16S2C0_ComputeColorConstantFloatLink_constantFloat => Material.SpecularIntensityValue
@C    o42S247C0_o15S2C0_o14S2C0_ComputeColorConstantColorLink_constantColor => Material.SpecularValue
@C    o42S247C0_o13S2C0_o12S2C0_ComputeColorConstantFloatLink_constantFloat => Material.GlossinessValue
@C    o42S247C0_o11S2C0_o10S2C0_ComputeColorTextureScaledOffsetDynamicSampler_scale => Material.TextureScale
@C    o42S247C0_o11S2C0_o10S2C0_ComputeColorTextureScaledOffsetDynamicSampler_offset => Material.TextureOffset
@C    o42S247C0_o9S2C0_o8S2C0_ComputeColorConstantColorLink_constantColor => Material.DiffuseValue

***********************
*****  Resources  *****
***********************
@C    PerDraw => PerDraw [Stage=Vertex]
@C    PerView => PerView [Stage=Vertex]
@C    PerDraw => PerDraw [Stage=Pixel]
@C    PerView => PerView [Stage=Pixel]
@C    PerView_Lighting => PerView.Lighting [Stage=Pixel]
@C    PerMaterial => PerMaterial [Stage=Pixel]
@C    LightClusteredPointGroup_PointLights => LightClusteredPointGroup.PointLights.directLightGroups[1] [Stage=Pixel]
@C    LightClustered_LightClusters => LightClustered.LightClusters.directLightGroups[1] [Stage=Pixel]
@C    LightClustered_LightIndices => LightClustered.LightIndices.directLightGroups[1] [Stage=Pixel]
@C    LightClusteredSpotGroup_SpotLights => LightClusteredSpotGroup.SpotLights.directLightGroups[2] [Stage=Pixel]
@C    RoughnessCubeMapEnvironmentColor_CubeMap => RoughnessCubeMapEnvironmentColor.CubeMap.lightSpecularColor.environmentLights[1] [Stage=Pixel]
@C    ShadowMapCommon_ShadowMapTexture => ShadowMap.Texture [Stage=Pixel]
@C    Texturing_LinearBorderSampler => Texturing.LinearBorderSampler.directLightGroups[0] [Stage=Pixel]
@C    Texturing_LinearClampCompareLessEqualSampler => Texturing.LinearClampCompareLessEqualSampler.directLightGroups[0] [Stage=Pixel]
@C    Texturing_LinearSampler => Texturing.LinearSampler.lightSpecularColor.environmentLights[1] [Stage=Pixel]
@C    MaterialSpecularMicrofacetEnvironmentGGXLUT_EnvironmentLightingDFG_LUT => MaterialSpecularMicrofacetEnvironmentGGXLUT.EnvironmentLightingDFG_LUT.environmentFunction.surfaces[1].layers[12].materialPixelStage [Stage=Pixel]
@C    DynamicSampler_Sampler => Material.Sampler.i0 [Stage=Pixel]
@C    DynamicTexture_Texture => Material.EmissiveMap [Stage=Pixel]

ConstantBuffers. Count=4
 cbuffer: Name="PerDraw" Size=416 MembersCount=8
  KeyName="Transformation.World" RawName="Transformation_World" LogicalGroup="" Offset=0
  Class=MatrixRows Type=Float Size=64 Alignment=16 ArrayStride=0 MatrixStride=16 ArrayElements=0 Rows=4 Columns=4

  KeyName="Transformation.WorldInverse" RawName="Transformation_WorldInverse" LogicalGroup="" Offset=64
  Class=MatrixRows Type=Float Size=64 Alignment=16 ArrayStride=0 MatrixStride=16 ArrayElements=0 Rows=4 Columns=4

  KeyName="Transformation.WorldInverseTranspose" RawName="Transformation_WorldInverseTranspose" LogicalGroup="" Offset=128
  Class=MatrixRows Type=Float Size=64 Alignment=16 ArrayStride=0 MatrixStride=16 ArrayElements=0 Rows=4 Columns=4

  KeyName="Transformation.WorldView" RawName="Transformation_WorldView" LogicalGroup="" Offset=192
  Class=MatrixRows Type=Float Size=64 Alignment=16 ArrayStride=0 MatrixStride=16 ArrayElements=0 Rows=4 Columns=4

  KeyName="Transformation.WorldViewInverse" RawName="Transformation_WorldViewInverse" LogicalGroup="" Offset=256
  Class=MatrixRows Type=Float Size=64 Alignment=16 ArrayStride=0 MatrixStride=16 ArrayElements=0 Rows=4 Columns=4

  KeyName="Transformation.WorldViewProjection" RawName="Transformation_WorldViewProjection" LogicalGroup="" Offset=320
  Class=MatrixRows Type=Float Size=64 Alignment=16 ArrayStride=0 MatrixStride=16 ArrayElements=0 Rows=4 Columns=4

  KeyName="Transformation.WorldScale" RawName="Transformation_WorldScale" LogicalGroup="" Offset=384
  Class=Vector Type=Float Size=12 Alignment=16 ArrayStride=0 MatrixStride=0 ArrayElements=0 Rows=1 Columns=3

  KeyName="Transformation.EyeMS" RawName="Transformation_EyeMS" LogicalGroup="" Offset=400
  Class=Vector Type=Float Size=16 Alignment=16 ArrayStride=0 MatrixStride=0 ArrayElements=0 Rows=1 Columns=4

 cbuffer: Name="PerView" Size=784 MembersCount=25
  KeyName="Transformation.View" RawName="Transformation_View" LogicalGroup="" Offset=0
  Class=MatrixRows Type=Float Size=64 Alignment=16 ArrayStride=0 MatrixStride=16 ArrayElements=0 Rows=4 Columns=4

  KeyName="Transformation.ViewInverse" RawName="Transformation_ViewInverse" LogicalGroup="" Offset=64
  Class=MatrixRows Type=Float Size=64 Alignment=16 ArrayStride=0 MatrixStride=16 ArrayElements=0 Rows=4 Columns=4

  KeyName="Transformation.Projection" RawName="Transformation_Projection" LogicalGroup="" Offset=128
  Class=MatrixRows Type=Float Size=64 Alignment=16 ArrayStride=0 MatrixStride=16 ArrayElements=0 Rows=4 Columns=4

  KeyName="Transformation.ProjectionInverse" RawName="Transformation_ProjectionInverse" LogicalGroup="" Offset=192
  Class=MatrixRows Type=Float Size=64 Alignment=16 ArrayStride=0 MatrixStride=16 ArrayElements=0 Rows=4 Columns=4

  KeyName="Transformation.ViewProjection" RawName="Transformation_ViewProjection" LogicalGroup="" Offset=256
  Class=MatrixRows Type=Float Size=64 Alignment=16 ArrayStride=0 MatrixStride=16 ArrayElements=0 Rows=4 Columns=4

  KeyName="Transformation.ProjScreenRay" RawName="Transformation_ProjScreenRay" LogicalGroup="" Offset=320
  Class=Vector Type=Float Size=8 Alignment=8 ArrayStride=0 MatrixStride=0 ArrayElements=0 Rows=1 Columns=2

  KeyName="Transformation.Eye" RawName="Transformation_Eye" LogicalGroup="" Offset=336
  Class=Vector Type=Float Size=16 Alignment=16 ArrayStride=0 MatrixStride=0 ArrayElements=0 Rows=1 Columns=4

  KeyName="Camera.NearClipPlane" RawName="o1S433C0_Camera_NearClipPlane" LogicalGroup="" Offset=352
  Class=Scalar Type=Float Size=4 Alignment=4 ArrayStride=0 MatrixStride=0 ArrayElements=0 Rows=1 Columns=1

  KeyName="Camera.FarClipPlane" RawName="o1S433C0_Camera_FarClipPlane" LogicalGroup="" Offset=356
  Class=Scalar Type=Float Size=4 Alignment=4 ArrayStride=0 MatrixStride=0 ArrayElements=0 Rows=1 Columns=1

  KeyName="Camera.ZProjection" RawName="o1S433C0_Camera_ZProjection" LogicalGroup="" Offset=360
  Class=Vector Type=Float Size=8 Alignment=8 ArrayStride=0 MatrixStride=0 ArrayElements=0 Rows=1 Columns=2

  KeyName="Camera.ViewSize" RawName="o1S433C0_Camera_ViewSize" LogicalGroup="" Offset=368
  Class=Vector Type=Float Size=8 Alignment=8 ArrayStride=0 MatrixStride=0 ArrayElements=0 Rows=1 Columns=2

  KeyName="Camera.AspectRatio" RawName="o1S433C0_Camera_AspectRatio" LogicalGroup="" Offset=376
  Class=Scalar Type=Float Size=4 Alignment=4 ArrayStride=0 MatrixStride=0 ArrayElements=0 Rows=1 Columns=1

  KeyName="_padding_PerView_Default" RawName="o0S433C0_ShadowMapReceiverDirectional__padding_PerView_Default" LogicalGroup="Default" Offset=384
  Class=Vector Type=Float Size=16 Alignment=16 ArrayStride=0 MatrixStride=0 ArrayElements=0 Rows=1 Columns=4

  KeyName="ShadowMapReceiverDirectional.CascadeDepthSplits.directLightGroups[0]" RawName="o0S433C0_ShadowMapReceiverDirectional_CascadeDepthSplits" LogicalGroup="Lighting" Offset=400
  Class=Scalar Type=Float Size=64 Alignment=16 ArrayStride=16 MatrixStride=0 ArrayElements=4 Rows=1 Columns=1

  KeyName="LightDirectionalGroup.Lights.directLightGroups[0]" RawName="o0S433C0_LightDirectionalGroup_Lights" LogicalGroup="Lighting" Offset=464
  Class=Struct Type=Void Size=32 Alignment=16 ArrayStride=32 MatrixStride=0 ArrayElements=1 Rows=1 Columns=1
   CountMembers=2
   Name="DirectionWS" Offset=0
   Class=Vector Type=Float Size=12 Alignment=16 ArrayStride=0 MatrixStride=0 ArrayElements=0 Rows=1 Columns=3
   Name="Color" Offset=16
   Class=Vector Type=Float Size=12 Alignment=16 ArrayStride=0 MatrixStride=0 ArrayElements=0 Rows=1 Columns=3

  KeyName="DirectLightGroupPerView.LightCount.directLightGroups[0]" RawName="o0S433C0_DirectLightGroupPerView_LightCount" LogicalGroup="Lighting" Offset=496
  Class=Scalar Type=Int Size=4 Alignment=4 ArrayStride=0 MatrixStride=0 ArrayElements=0 Rows=1 Columns=1

  KeyName="LightClustered.ClusterDepthScale" RawName="o1S433C0_LightClustered_ClusterDepthScale" LogicalGroup="Lighting" Offset=500
  Class=Scalar Type=Float Size=4 Alignment=4 ArrayStride=0 MatrixStride=0 ArrayElements=0 Rows=1 Columns=1

  KeyName="LightClustered.ClusterDepthBias" RawName="o1S433C0_LightClustered_ClusterDepthBias" LogicalGroup="Lighting" Offset=504
  Class=Scalar Type=Float Size=4 Alignment=4 ArrayStride=0 MatrixStride=0 ArrayElements=0 Rows=1 Columns=1

  KeyName="LightClustered.ClusterStride" RawName="o1S433C0_LightClustered_ClusterStride" LogicalGroup="Lighting" Offset=512
  Class=Vector Type=Float Size=8 Alignment=8 ArrayStride=0 MatrixStride=0 ArrayElements=0 Rows=1 Columns=2

  KeyName="LightSimpleAmbient.AmbientLight.environmentLights[0]" RawName="o3S417C0_LightSimpleAmbient_AmbientLight" LogicalGroup="Lighting" Offset=528
  Class=Color Type=Float Size=12 Alignment=16 ArrayStride=0 MatrixStride=0 ArrayElements=0 Rows=1 Columns=3

  KeyName="LightSkyboxShader.SkyMatrix.environmentLights[1]" RawName="o6S417C0_LightSkyboxShader_SkyMatrix" LogicalGroup="Lighting" Offset=544
  Class=MatrixRows Type=Float Size=64 Alignment=16 ArrayStride=0 MatrixStride=16 ArrayElements=0 Rows=4 Columns=4

  KeyName="LightSkyboxShader.Intensity.environmentLights[1]" RawName="o6S417C0_LightSkyboxShader_Intensity" LogicalGroup="Lighting" Offset=608
  Class=Scalar Type=Float Size=4 Alignment=4 ArrayStride=0 MatrixStride=0 ArrayElements=0 Rows=1 Columns=1

  KeyName="RoughnessCubeMapEnvironmentColor.MipCount.lightSpecularColor.environmentLights[1]" RawName="o6S417C0_o5S5C1_RoughnessCubeMapEnvironmentColor_MipCount" LogicalGroup="Lighting" Offset=612
  Class=Scalar Type=Float Size=4 Alignment=4 ArrayStride=0 MatrixStride=0 ArrayElements=0 Rows=1 Columns=1

  KeyName="SphericalHarmonicsEnvironmentColor.SphericalColors.lightDiffuseColor.environmentLights[1]" RawName="o6S417C0_o4S5C0_SphericalHarmonicsEnvironmentColor_SphericalColors" LogicalGroup="Lighting" Offset=624
  Class=Color Type=Float Size=144 Alignment=16 ArrayStride=16 MatrixStride=0 ArrayElements=9 Rows=1 Columns=3

  KeyName="_padding_PerView_Lighting" RawName="o6S417C0_o4S5C0_SphericalHarmonicsEnvironmentColor__padding_PerView_Lighting" LogicalGroup="Lighting" Offset=768
  Class=Vector Type=Float Size=16 Alignment=16 ArrayStride=0 MatrixStride=0 ArrayElements=0 Rows=1 Columns=4

 cbuffer: Name="PerView.Lighting" Size=880 MembersCount=8
  KeyName="ShadowMapReceiverBase.WorldToShadowCascadeUV.directLightGroups[0]" RawName="o0S433C0_ShadowMapReceiverBase_WorldToShadowCascadeUV" LogicalGroup="" Offset=0
  Class=MatrixRows Type=Float Size=256 Alignment=16 ArrayStride=64 MatrixStride=16 ArrayElements=4 Rows=4 Columns=4

  KeyName="ShadowMapReceiverBase.InverseWorldToShadowCascadeUV.directLightGroups[0]" RawName="o0S433C0_ShadowMapReceiverBase_InverseWorldToShadowCascadeUV" LogicalGroup="" Offset=256
  Class=MatrixRows Type=Float Size=256 Alignment=16 ArrayStride=64 MatrixStride=16 ArrayElements=4 Rows=4 Columns=4

  KeyName="ShadowMapReceiverBase.ViewMatrices.directLightGroups[0]" RawName="o0S433C0_ShadowMapReceiverBase_ViewMatrices" LogicalGroup="" Offset=512
  Class=MatrixRows Type=Float Size=256 Alignment=16 ArrayStride=64 MatrixStride=16 ArrayElements=4 Rows=4 Columns=4

  KeyName="ShadowMapReceiverBase.DepthRanges.directLightGroups[0]" RawName="o0S433C0_ShadowMapReceiverBase_DepthRanges" LogicalGroup="" Offset=768
  Class=Vector Type=Float Size=64 Alignment=16 ArrayStride=16 MatrixStride=0 ArrayElements=4 Rows=1 Columns=2

  KeyName="ShadowMapReceiverBase.DepthBiases.directLightGroups[0]" RawName="o0S433C0_ShadowMapReceiverBase_DepthBiases" LogicalGroup="" Offset=832
  Class=Scalar Type=Float Size=16 Alignment=16 ArrayStride=16 MatrixStride=0 ArrayElements=1 Rows=1 Columns=1

  KeyName="ShadowMapReceiverBase.OffsetScales.directLightGroups[0]" RawName="o0S433C0_ShadowMapReceiverBase_OffsetScales" LogicalGroup="" Offset=848
  Class=Scalar Type=Float Size=16 Alignment=16 ArrayStride=16 MatrixStride=0 ArrayElements=1 Rows=1 Columns=1

  KeyName="ShadowMap.TextureSize" RawName="o0S433C0_ShadowMapCommon_ShadowMapTextureSize" LogicalGroup="" Offset=864
  Class=Vector Type=Float Size=8 Alignment=8 ArrayStride=0 MatrixStride=0 ArrayElements=0 Rows=1 Columns=2

  KeyName="ShadowMap.TextureTexelSize" RawName="o0S433C0_ShadowMapCommon_ShadowMapTextureTexelSize" LogicalGroup="" Offset=872
  Class=Vector Type=Float Size=8 Alignment=8 ArrayStride=0 MatrixStride=0 ArrayElements=0 Rows=1 Columns=2

 cbuffer: Name="PerMaterial" Size=160 MembersCount=16
  KeyName="Material.EmissiveIntensity" RawName="o42S247C0_o33S2C0_o32S2C0_ComputeColorConstantFloatLink_constantFloat" LogicalGroup="" Offset=0
  Class=Scalar Type=Float Size=4 Alignment=4 ArrayStride=0 MatrixStride=0 ArrayElements=0 Rows=1 Columns=1

  KeyName="Material.EmissiveValue" RawName="o42S247C0_o31S2C0_o30S2C0_o29S2C1_ComputeColorConstantColorLink_constantColor" LogicalGroup="" Offset=16
  Class=Color Type=Float Size=16 Alignment=16 ArrayStride=0 MatrixStride=0 ArrayElements=0 Rows=1 Columns=4

  KeyName="Material.TextureScale.i2" RawName="o42S247C0_o31S2C0_o30S2C0_o28S2C0_ComputeColorTextureScaledOffsetDynamicSampler_scale" LogicalGroup="" Offset=32
  Class=Vector Type=Float Size=8 Alignment=8 ArrayStride=0 MatrixStride=0 ArrayElements=0 Rows=1 Columns=2

  KeyName="Material.TextureOffset.i2" RawName="o42S247C0_o31S2C0_o30S2C0_o28S2C0_ComputeColorTextureScaledOffsetDynamicSampler_offset" LogicalGroup="" Offset=40
  Class=Vector Type=Float Size=8 Alignment=8 ArrayStride=0 MatrixStride=0 ArrayElements=0 Rows=1 Columns=2

  KeyName="Material.CavitySpecularValue" RawName="o42S247C0_o27S2C0_o26S2C0_ComputeColorConstantFloatLink_constantFloat" LogicalGroup="" Offset=48
  Class=Scalar Type=Float Size=4 Alignment=4 ArrayStride=0 MatrixStride=0 ArrayElements=0 Rows=1 Columns=1

  KeyName="Material.CavityDiffuseValue" RawName="o42S247C0_o25S2C0_o24S2C0_ComputeColorConstantFloatLink_constantFloat" LogicalGroup="" Offset=52
  Class=Scalar Type=Float Size=4 Alignment=4 ArrayStride=0 MatrixStride=0 ArrayElements=0 Rows=1 Columns=1

  KeyName="Material.CavityValue" RawName="o42S247C0_o23S2C0_o22S2C0_ComputeColorConstantFloatLink_constantFloat" LogicalGroup="" Offset=56
  Class=Scalar Type=Float Size=4 Alignment=4 ArrayStride=0 MatrixStride=0 ArrayElements=0 Rows=1 Columns=1

  KeyName="Material.AmbientOcclusionDirectLightingFactorValue" RawName="o42S247C0_o21S2C0_o20S2C0_ComputeColorConstantFloatLink_constantFloat" LogicalGroup="" Offset=60
  Class=Scalar Type=Float Size=4 Alignment=4 ArrayStride=0 MatrixStride=0 ArrayElements=0 Rows=1 Columns=1

  KeyName="Material.TextureScale.i1" RawName="o42S247C0_o19S2C0_o18S2C0_ComputeColorTextureScaledOffsetDynamicSampler_scale" LogicalGroup="" Offset=64
  Class=Vector Type=Float Size=8 Alignment=8 ArrayStride=0 MatrixStride=0 ArrayElements=0 Rows=1 Columns=2

  KeyName="Material.TextureOffset.i1" RawName="o42S247C0_o19S2C0_o18S2C0_ComputeColorTextureScaledOffsetDynamicSampler_offset" LogicalGroup="" Offset=72
  Class=Vector Type=Float Size=8 Alignment=8 ArrayStride=0 MatrixStride=0 ArrayElements=0 Rows=1 Columns=2

  KeyName="Material.SpecularIntensityValue" RawName="o42S247C0_o17S2C0_o16S2C0_ComputeColorConstantFloatLink_constantFloat" LogicalGroup="" Offset=80
  Class=Scalar Type=Float Size=4 Alignment=4 ArrayStride=0 MatrixStride=0 ArrayElements=0 Rows=1 Columns=1

  KeyName="Material.SpecularValue" RawName="o42S247C0_o15S2C0_o14S2C0_ComputeColorConstantColorLink_constantColor" LogicalGroup="" Offset=96
  Class=Color Type=Float Size=16 Alignment=16 ArrayStride=0 MatrixStride=0 ArrayElements=0 Rows=1 Columns=4

  KeyName="Material.GlossinessValue" RawName="o42S247C0_o13S2C0_o12S2C0_ComputeColorConstantFloatLink_constantFloat" LogicalGroup="" Offset=112
  Class=Scalar Type=Float Size=4 Alignment=4 ArrayStride=0 MatrixStride=0 ArrayElements=0 Rows=1 Columns=1

  KeyName="Material.TextureScale" RawName="o42S247C0_o11S2C0_o10S2C0_ComputeColorTextureScaledOffsetDynamicSampler_scale" LogicalGroup="" Offset=120
  Class=Vector Type=Float Size=8 Alignment=8 ArrayStride=0 MatrixStride=0 ArrayElements=0 Rows=1 Columns=2

  KeyName="Material.TextureOffset" RawName="o42S247C0_o11S2C0_o10S2C0_ComputeColorTextureScaledOffsetDynamicSampler_offset" LogicalGroup="" Offset=128
  Class=Vector Type=Float Size=8 Alignment=8 ArrayStride=0 MatrixStride=0 ArrayElements=0 Rows=1 Columns=2

  KeyName="Material.DiffuseValue" RawName="o42S247C0_o9S2C0_o8S2C0_ComputeColorConstantColorLink_constantColor" LogicalGroup="" Offset=144
  Class=Color Type=Float Size=16 Alignment=16 ArrayStride=0 MatrixStride=0 ArrayElements=0 Rows=1 Columns=4


ResourceBindings. Count=18
 Stage=Vertex KeyName="PerDraw" RawName="PerDraw" ResourceGroupName="PerDraw" Class=ConstantBuffer Type=ConstantBuffer GroupName="PerDraw" LogicalGroup=""
 Stage=Vertex KeyName="PerView" RawName="PerView" ResourceGroupName="PerView" Class=ConstantBuffer Type=ConstantBuffer GroupName="PerView" LogicalGroup=""
 Stage=Pixel KeyName="PerDraw" RawName="PerDraw" ResourceGroupName="PerDraw" Class=ConstantBuffer Type=ConstantBuffer GroupName="PerDraw" LogicalGroup=""
 Stage=Pixel KeyName="PerView" RawName="PerView" ResourceGroupName="PerView" Class=ConstantBuffer Type=ConstantBuffer GroupName="PerView" LogicalGroup=""
 Stage=Pixel KeyName="PerView.Lighting" RawName="PerView_Lighting" ResourceGroupName="PerView_Lighting" Class=ConstantBuffer Type=ConstantBuffer GroupName="PerView_Lighting" LogicalGroup=""
 Stage=Pixel KeyName="PerMaterial" RawName="PerMaterial" ResourceGroupName="PerMaterial" Class=ConstantBuffer Type=ConstantBuffer GroupName="PerMaterial" LogicalGroup=""
 Stage=Pixel KeyName="LightClusteredPointGroup.PointLights.directLightGroups[1]" RawName="LightClusteredPointGroup_PointLights" ResourceGroupName="PerView" Class=ShaderResourceView Type=TextureBuffer GroupName="PerView" LogicalGroup="Lighting"
 Stage=Pixel KeyName="LightClustered.LightClusters.directLightGroups[1]" RawName="LightClustered_LightClusters" ResourceGroupName="PerView" Class=ShaderResourceView Type=Texture3D GroupName="PerView" LogicalGroup="Lighting"
 Stage=Pixel KeyName="LightClustered.LightIndices.directLightGroups[1]" RawName="LightClustered_LightIndices" ResourceGroupName="PerView" Class=ShaderResourceView Type=TextureBuffer GroupName="PerView" LogicalGroup="Lighting"
 Stage=Pixel KeyName="LightClusteredSpotGroup.SpotLights.directLightGroups[2]" RawName="LightClusteredSpotGroup_SpotLights" ResourceGroupName="PerView" Class=ShaderResourceView Type=TextureBuffer GroupName="PerView" LogicalGroup="Lighting"
 Stage=Pixel KeyName="RoughnessCubeMapEnvironmentColor.CubeMap.lightSpecularColor.environmentLights[1]" RawName="RoughnessCubeMapEnvironmentColor_CubeMap" ResourceGroupName="PerView" Class=ShaderResourceView Type=TextureCube GroupName="PerView" LogicalGroup="Lighting"
 Stage=Pixel KeyName="ShadowMap.Texture" RawName="ShadowMapCommon_ShadowMapTexture" ResourceGroupName="PerView.Lighting" Class=ShaderResourceView Type=Texture2D GroupName="PerView.Lighting" LogicalGroup=""
 Stage=Pixel KeyName="Texturing.LinearBorderSampler.directLightGroups[0]" RawName="Texturing_LinearBorderSampler" ResourceGroupName="" Class=Sampler Type=Sampler GroupName="" LogicalGroup=""
 Stage=Pixel KeyName="Texturing.LinearClampCompareLessEqualSampler.directLightGroups[0]" RawName="Texturing_LinearClampCompareLessEqualSampler" ResourceGroupName="" Class=Sampler Type=Sampler GroupName="" LogicalGroup=""
 Stage=Pixel KeyName="Texturing.LinearSampler.lightSpecularColor.environmentLights[1]" RawName="Texturing_LinearSampler" ResourceGroupName="" Class=Sampler Type=Sampler GroupName="" LogicalGroup=""
 Stage=Pixel KeyName="MaterialSpecularMicrofacetEnvironmentGGXLUT.EnvironmentLightingDFG_LUT.environmentFunction.surfaces[1].layers[12].materialPixelStage" RawName="MaterialSpecularMicrofacetEnvironmentGGXLUT_EnvironmentLightingDFG_LUT" ResourceGroupName="PerMaterial" Class=ShaderResourceView Type=Texture2D GroupName="PerMaterial" LogicalGroup=""
 Stage=Pixel KeyName="Material.Sampler.i0" RawName="DynamicSampler_Sampler" ResourceGroupName="PerMaterial" Class=Sampler Type=Sampler GroupName="PerMaterial" LogicalGroup=""
 Stage=Pixel KeyName="Material.EmissiveMap" RawName="DynamicTexture_Texture" ResourceGroupName="PerMaterial" Class=ShaderResourceView Type=Texture2D GroupName="PerMaterial" LogicalGroup=""

InputAttributes. Count=4
 SemanticName="NORMAL" SemanticIndex=0
 SemanticName="TANGENT" SemanticIndex=0
 SemanticName="POSITION" SemanticIndex=0
 SemanticName="TEXCOORD" SemanticIndex=0

SamplerStates. Count=3
 KeyName="Texturing.LinearBorderSampler.directLightGroups[0]" Filter=Linear Compare=Never AddressU=Border AddressV=Border AddressW=Clamp MaxAnisotropy=16 MinMipLevel=-3.40282e+38 MaxMipLevel=3.40282e+38 MipMapLevelOfDetailBias=0 BorderColor=(0, 0, 0, 0)
 KeyName="Texturing.LinearClampCompareLessEqualSampler.directLightGroups[0]" Filter=ComparisonMinMagLinearMipPoint Compare=LessEqual AddressU=Clamp AddressV=Clamp AddressW=Clamp MaxAnisotropy=16 MinMipLevel=-3.40282e+38 MaxMipLevel=3.40282e+38 MipMapLevelOfDetailBias=0 BorderColor=(0, 0, 0, 0)
 KeyName="Texturing.LinearSampler.lightSpecularColor.environmentLights[1]" Filter=Linear Compare=Never AddressU=Clamp AddressV=Clamp AddressW=Clamp MaxAnisotropy=16 MinMipLevel=-3.40282e+38 MaxMipLevel=3.40282e+38 MipMapLevelOfDetailBias=0 BorderColor=(0, 0, 0, 0)
